Archive member included to satisfy reference by file (symbol)

c:/st/stm32cubeide_1.9.0/stm32cubeide/plugins/com.st.stm32cube.ide.mcu.externaltools.gnu-tools-for-stm32.10.3-2021.10.win32_1.0.0.202111181127/tools/bin/../lib/gcc/arm-none-eabi/10.3.1/../../../../arm-none-eabi/lib/thumb/v7e-m+fp/hard\libc_nano.a(lib_a-errno.o)
                              ./Src/syscalls.o (__errno)
c:/st/stm32cubeide_1.9.0/stm32cubeide/plugins/com.st.stm32cube.ide.mcu.externaltools.gnu-tools-for-stm32.10.3-2021.10.win32_1.0.0.202111181127/tools/bin/../lib/gcc/arm-none-eabi/10.3.1/../../../../arm-none-eabi/lib/thumb/v7e-m+fp/hard\libc_nano.a(lib_a-exit.o)
                              c:/st/stm32cubeide_1.9.0/stm32cubeide/plugins/com.st.stm32cube.ide.mcu.externaltools.gnu-tools-for-stm32.10.3-2021.10.win32_1.0.0.202111181127/tools/bin/../lib/gcc/arm-none-eabi/10.3.1/../../../../arm-none-eabi/lib/thumb/v7e-m+fp/hard/crt0.o (exit)
c:/st/stm32cubeide_1.9.0/stm32cubeide/plugins/com.st.stm32cube.ide.mcu.externaltools.gnu-tools-for-stm32.10.3-2021.10.win32_1.0.0.202111181127/tools/bin/../lib/gcc/arm-none-eabi/10.3.1/../../../../arm-none-eabi/lib/thumb/v7e-m+fp/hard\libc_nano.a(lib_a-impure.o)
                              c:/st/stm32cubeide_1.9.0/stm32cubeide/plugins/com.st.stm32cube.ide.mcu.externaltools.gnu-tools-for-stm32.10.3-2021.10.win32_1.0.0.202111181127/tools/bin/../lib/gcc/arm-none-eabi/10.3.1/../../../../arm-none-eabi/lib/thumb/v7e-m+fp/hard\libc_nano.a(lib_a-exit.o) (_global_impure_ptr)
c:/st/stm32cubeide_1.9.0/stm32cubeide/plugins/com.st.stm32cube.ide.mcu.externaltools.gnu-tools-for-stm32.10.3-2021.10.win32_1.0.0.202111181127/tools/bin/../lib/gcc/arm-none-eabi/10.3.1/../../../../arm-none-eabi/lib/thumb/v7e-m+fp/hard\libc_nano.a(lib_a-init.o)
                              c:/st/stm32cubeide_1.9.0/stm32cubeide/plugins/com.st.stm32cube.ide.mcu.externaltools.gnu-tools-for-stm32.10.3-2021.10.win32_1.0.0.202111181127/tools/bin/../lib/gcc/arm-none-eabi/10.3.1/../../../../arm-none-eabi/lib/thumb/v7e-m+fp/hard/crt0.o (__libc_init_array)
c:/st/stm32cubeide_1.9.0/stm32cubeide/plugins/com.st.stm32cube.ide.mcu.externaltools.gnu-tools-for-stm32.10.3-2021.10.win32_1.0.0.202111181127/tools/bin/../lib/gcc/arm-none-eabi/10.3.1/../../../../arm-none-eabi/lib/thumb/v7e-m+fp/hard\libc_nano.a(lib_a-memset.o)
                              c:/st/stm32cubeide_1.9.0/stm32cubeide/plugins/com.st.stm32cube.ide.mcu.externaltools.gnu-tools-for-stm32.10.3-2021.10.win32_1.0.0.202111181127/tools/bin/../lib/gcc/arm-none-eabi/10.3.1/../../../../arm-none-eabi/lib/thumb/v7e-m+fp/hard/crt0.o (memset)

Discarded input sections

 .text          0x0000000000000000        0x0 c:/st/stm32cubeide_1.9.0/stm32cubeide/plugins/com.st.stm32cube.ide.mcu.externaltools.gnu-tools-for-stm32.10.3-2021.10.win32_1.0.0.202111181127/tools/bin/../lib/gcc/arm-none-eabi/10.3.1/thumb/v7e-m+fp/hard/crti.o
 .data          0x0000000000000000        0x0 c:/st/stm32cubeide_1.9.0/stm32cubeide/plugins/com.st.stm32cube.ide.mcu.externaltools.gnu-tools-for-stm32.10.3-2021.10.win32_1.0.0.202111181127/tools/bin/../lib/gcc/arm-none-eabi/10.3.1/thumb/v7e-m+fp/hard/crti.o
 .bss           0x0000000000000000        0x0 c:/st/stm32cubeide_1.9.0/stm32cubeide/plugins/com.st.stm32cube.ide.mcu.externaltools.gnu-tools-for-stm32.10.3-2021.10.win32_1.0.0.202111181127/tools/bin/../lib/gcc/arm-none-eabi/10.3.1/thumb/v7e-m+fp/hard/crti.o
 .data          0x0000000000000000        0x4 c:/st/stm32cubeide_1.9.0/stm32cubeide/plugins/com.st.stm32cube.ide.mcu.externaltools.gnu-tools-for-stm32.10.3-2021.10.win32_1.0.0.202111181127/tools/bin/../lib/gcc/arm-none-eabi/10.3.1/thumb/v7e-m+fp/hard/crtbegin.o
 .rodata        0x0000000000000000       0x24 c:/st/stm32cubeide_1.9.0/stm32cubeide/plugins/com.st.stm32cube.ide.mcu.externaltools.gnu-tools-for-stm32.10.3-2021.10.win32_1.0.0.202111181127/tools/bin/../lib/gcc/arm-none-eabi/10.3.1/thumb/v7e-m+fp/hard/crtbegin.o
 .text          0x0000000000000000       0x7c c:/st/stm32cubeide_1.9.0/stm32cubeide/plugins/com.st.stm32cube.ide.mcu.externaltools.gnu-tools-for-stm32.10.3-2021.10.win32_1.0.0.202111181127/tools/bin/../lib/gcc/arm-none-eabi/10.3.1/../../../../arm-none-eabi/lib/thumb/v7e-m+fp/hard/crt0.o
 .data          0x0000000000000000        0x0 c:/st/stm32cubeide_1.9.0/stm32cubeide/plugins/com.st.stm32cube.ide.mcu.externaltools.gnu-tools-for-stm32.10.3-2021.10.win32_1.0.0.202111181127/tools/bin/../lib/gcc/arm-none-eabi/10.3.1/../../../../arm-none-eabi/lib/thumb/v7e-m+fp/hard/crt0.o
 .bss           0x0000000000000000        0x0 c:/st/stm32cubeide_1.9.0/stm32cubeide/plugins/com.st.stm32cube.ide.mcu.externaltools.gnu-tools-for-stm32.10.3-2021.10.win32_1.0.0.202111181127/tools/bin/../lib/gcc/arm-none-eabi/10.3.1/../../../../arm-none-eabi/lib/thumb/v7e-m+fp/hard/crt0.o
[...]
Memory Configuration

Name             Origin             Length             Attributes
RAM              0x0000000020000000 0x0000000000018000 xrw
FLASH            0x0000000008000000 0x0000000000080000 xr
*default*        0x0000000000000000 0xffffffffffffffff

Linker script and memory map

LOAD c:/st/stm32cubeide_1.9.0/stm32cubeide/plugins/com.st.stm32cube.ide.mcu.externaltools.gnu-tools-for-stm32.10.3-2021.10.win32_1.0.0.202111181127/tools/bin/../lib/gcc/arm-none-eabi/10.3.1/thumb/v7e-m+fp/hard/crti.o
LOAD c:/st/stm32cubeide_1.9.0/stm32cubeide/plugins/com.st.stm32cube.ide.mcu.externaltools.gnu-tools-for-stm32.10.3-2021.10.win32_1.0.0.202111181127/tools/bin/../lib/gcc/arm-none-eabi/10.3.1/thumb/v7e-m+fp/hard/crtbegin.o
LOAD c:/st/stm32cubeide_1.9.0/stm32cubeide/plugins/com.st.stm32cube.ide.mcu.externaltools.gnu-tools-for-stm32.10.3-2021.10.win32_1.0.0.202111181127/tools/bin/../lib/gcc/arm-none-eabi/10.3.1/../../../../arm-none-eabi/lib/thumb/v7e-m+fp/hard/crt0.o
LOAD ./Src/AC.o
LOAD ./Src/ADC.o
LOAD ./Src/Door.o
LOAD ./Src/EXTI.o
LOAD ./Src/GPIO.o
LOAD ./Src/HC05.o
LOAD ./Src/Keypad.o
LOAD ./Src/LCD.o
LOAD ./Src/LED.o
LOAD ./Src/LED_Config.o
LOAD ./Src/NVIC.o
LOAD ./Src/RCC.o
LOAD ./Src/SPI_program.o
LOAD ./Src/STK.o
LOAD ./Src/SYSCFG.o
LOAD ./Src/Switch.o
LOAD ./Src/Switch_Config.o
LOAD ./Src/TFT_program.o
LOAD ./Src/TIM.o
LOAD ./Src/UART.o
LOAD ./Src/main.o
LOAD ./Src/syscalls.o
LOAD ./Src/sysmem.o
LOAD ./Startup/startup_stm32f401vetx.o
START GROUP
LOAD c:/st/stm32cubeide_1.9.0/stm32cubeide/plugins/com.st.stm32cube.ide.mcu.externaltools.gnu-tools-for-stm32.10.3-2021.10.win32_1.0.0.202111181127/tools/bin/../lib/gcc/arm-none-eabi/10.3.1/../../../../arm-none-eabi/lib/thumb/v7e-m+fp/hard\libc_nano.a
LOAD c:/st/stm32cubeide_1.9.0/stm32cubeide/plugins/com.st.stm32cube.ide.mcu.externaltools.gnu-tools-for-stm32.10.3-2021.10.win32_1.0.0.202111181127/tools/bin/../lib/gcc/arm-none-eabi/10.3.1/../../../../arm-none-eabi/lib/thumb/v7e-m+fp/hard\libm.a
END GROUP
START GROUP
LOAD c:/st/stm32cubeide_1.9.0/stm32cubeide/plugins/com.st.stm32cube.ide.mcu.externaltools.gnu-tools-for-stm32.10.3-2021.10.win32_1.0.0.202111181127/tools/bin/../lib/gcc/arm-none-eabi/10.3.1/thumb/v7e-m+fp/hard\libgcc.a
LOAD c:/st/stm32cubeide_1.9.0/stm32cubeide/plugins/com.st.stm32cube.ide.mcu.externaltools.gnu-tools-for-stm32.10.3-2021.10.win32_1.0.0.202111181127/tools/bin/../lib/gcc/arm-none-eabi/10.3.1/../../../../arm-none-eabi/lib/thumb/v7e-m+fp/hard\libc_nano.a
END GROUP
START GROUP
LOAD c:/st/stm32cubeide_1.9.0/stm32cubeide/plugins/com.st.stm32cube.ide.mcu.externaltools.gnu-tools-for-stm32.10.3-2021.10.win32_1.0.0.202111181127/tools/bin/../lib/gcc/arm-none-eabi/10.3.1/thumb/v7e-m+fp/hard\libgcc.a
LOAD c:/st/stm32cubeide_1.9.0/stm32cubeide/plugins/com.st.stm32cube.ide.mcu.externaltools.gnu-tools-for-stm32.10.3-2021.10.win32_1.0.0.202111181127/tools/bin/../lib/gcc/arm-none-eabi/10.3.1/../../../../arm-none-eabi/lib/thumb/v7e-m+fp/hard\libc_nano.a
LOAD c:/st/stm32cubeide_1.9.0/stm32cubeide/plugins/com.st.stm32cube.ide.mcu.externaltools.gnu-tools-for-stm32.10.3-2021.10.win32_1.0.0.202111181127/tools/bin/../lib/gcc/arm-none-eabi/10.3.1/../../../../arm-none-eabi/lib/thumb/v7e-m+fp/hard\libnosys.a
END GROUP
START GROUP
LOAD c:/st/stm32cubeide_1.9.0/stm32cubeide/plugins/com.st.stm32cube.ide.mcu.externaltools.gnu-tools-for-stm32.10.3-2021.10.win32_1.0.0.202111181127/tools/bin/../lib/gcc/arm-none-eabi/10.3.1/thumb/v7e-m+fp/hard\libgcc.a
LOAD c:/st/stm32cubeide_1.9.0/stm32cubeide/plugins/com.st.stm32cube.ide.mcu.externaltools.gnu-tools-for-stm32.10.3-2021.10.win32_1.0.0.202111181127/tools/bin/../lib/gcc/arm-none-eabi/10.3.1/../../../../arm-none-eabi/lib/thumb/v7e-m+fp/hard\libc_nano.a
LOAD c:/st/stm32cubeide_1.9.0/stm32cubeide/plugins/com.st.stm32cube.ide.mcu.externaltools.gnu-tools-for-stm32.10.3-2021.10.win32_1.0.0.202111181127/tools/bin/../lib/gcc/arm-none-eabi/10.3.1/../../../../arm-none-eabi/lib/thumb/v7e-m+fp/hard\libnosys.a
END GROUP
LOAD c:/st/stm32cubeide_1.9.0/stm32cubeide/plugins/com.st.stm32cube.ide.mcu.externaltools.gnu-tools-for-stm32.10.3-2021.10.win32_1.0.0.202111181127/tools/bin/../lib/gcc/arm-none-eabi/10.3.1/thumb/v7e-m+fp/hard/crtend.o
LOAD c:/st/stm32cubeide_1.9.0/stm32cubeide/plugins/com.st.stm32cube.ide.mcu.externaltools.gnu-tools-for-stm32.10.3-2021.10.win32_1.0.0.202111181127/tools/bin/../lib/gcc/arm-none-eabi/10.3.1/thumb/v7e-m+fp/hard/crtn.o
                0x0000000020018000                _estack = (ORIGIN (RAM) + LENGTH (RAM))
                0x0000000000000200                _Min_Heap_Size = 0x200
                0x0000000000000400                _Min_Stack_Size = 0x400

.isr_vector     0x0000000008000000      0x194
                0x0000000008000000                . = ALIGN (0x4)
 *(.isr_vector)
 .isr_vector    0x0000000008000000      0x194 ./Startup/startup_stm32f401vetx.o
                0x0000000008000000                g_pfnVectors
                0x0000000008000194                . = ALIGN (0x4)

.text           0x0000000008000194     0x2a74
                0x0000000008000194                . = ALIGN (0x4)
 *(.text)
 .text          0x0000000008000194       0x40 c:/st/stm32cubeide_1.9.0/stm32cubeide/plugins/com.st.stm32cube.ide.mcu.externaltools.gnu-tools-for-stm32.10.3-2021.10.win32_1.0.0.202111181127/tools/bin/../lib/gcc/arm-none-eabi/10.3.1/thumb/v7e-m+fp/hard/crtbegin.o
 *(.text*)
 .text.AC_Init  0x00000000080001d4       0x48 ./Src/AC.o
                0x00000000080001d4                AC_Init
 .text.AC_On    0x000000000800021c       0x12 ./Src/AC.o
                0x000000000800021c                AC_On
 .text.AC_Off   0x000000000800022e       0x12 ./Src/AC.o
                0x000000000800022e                AC_Off
 .text.AC_AdjustTemperature
                0x0000000008000240       0x20 ./Src/AC.o
                0x0000000008000240                AC_AdjustTemperature
 .text.ADC_Init
                0x0000000008000260       0x40 ./Src/ADC.o
                0x0000000008000260                ADC_Init
 .text.ADC_AdjustValue
                0x00000000080002a0       0x4c ./Src/ADC.o
                0x00000000080002a0                ADC_AdjustValue
 .text.ADC_Start
                0x00000000080002ec       0x2c ./Src/ADC.o
                0x00000000080002ec                ADC_Start
 .text.ADC_IRQHandler
                0x0000000008000318       0x88 ./Src/ADC.o
                0x0000000008000318                ADC_IRQHandler
 .text.Door_Init
                0x00000000080003a0       0x12 ./Src/Door.o
                0x00000000080003a0                Door_Init
 *fill*         0x00000000080003b2        0x2 
 .text.Door_Control
                0x00000000080003b4       0x24 ./Src/Door.o
                0x00000000080003b4                Door_Control
 .text.pwm      0x00000000080003d8       0x2c ./Src/Door.o
                0x00000000080003d8                pwm
 .text.EXTI0_IRQHandler
                0x0000000008000404       0x48 ./Src/EXTI.o
                0x0000000008000404                EXTI0_IRQHandler
 .text.EXTI1_IRQHandler
                0x000000000800044c       0x48 ./Src/EXTI.o
                0x000000000800044c                EXTI1_IRQHandler
 .text.GPIO_vSetMode
                0x0000000008000494      0x17c ./Src/GPIO.o
                0x0000000008000494                GPIO_vSetMode
 .text.GPIO_vSetPullUpPullDown
                0x0000000008000610       0xf0 ./Src/GPIO.o
                0x0000000008000610                GPIO_vSetPullUpPullDown
 .text.GPIO_vSetAlternateFunction
                0x0000000008000700      0x284 ./Src/GPIO.o
                0x0000000008000700                GPIO_vSetAlternateFunction
 .text.GPIO_vWritePinValue
                0x0000000008000984      0x1c0 ./Src/GPIO.o
                0x0000000008000984                GPIO_vWritePinValue
 .text.GPIO_vGetPinValue
                0x0000000008000b44       0xfc ./Src/GPIO.o
                0x0000000008000b44                GPIO_vGetPinValue
 .text.GPIO_vTogglePinValue
                0x0000000008000c40       0xe8 ./Src/GPIO.o
                0x0000000008000c40                GPIO_vTogglePinValue
 .text.HC05_Init
                0x0000000008000d28       0x50 ./Src/HC05.o
                0x0000000008000d28                HC05_Init
 .text.HC05_SetInputReading
                0x0000000008000d78       0x20 ./Src/HC05.o
                0x0000000008000d78                HC05_SetInputReading
 .text.KEYPAD_enuInit
                0x0000000008000d98       0xa8 ./Src/Keypad.o
                0x0000000008000d98                KEYPAD_enuInit
 .text.Keypad_GetPressedKey
                0x0000000008000e40      0x164 ./Src/Keypad.o
                0x0000000008000e40                Keypad_GetPressedKey
 .text.LCD_enuInit
                0x0000000008000fa4       0xd0 ./Src/LCD.o
                0x0000000008000fa4                LCD_enuInit
 .text.LCD_enuWriteCommand
                0x0000000008001074       0x38 ./Src/LCD.o
                0x0000000008001074                LCD_enuWriteCommand
 .text.LCD_enuWriteData
                0x00000000080010ac       0x38 ./Src/LCD.o
                0x00000000080010ac                LCD_enuWriteData
 .text.LCD_enuWriteString
                0x00000000080010e4       0x3c ./Src/LCD.o
                0x00000000080010e4                LCD_enuWriteString
 .text.LCD_enuWriteIntegerNum
                0x0000000008001120       0xc8 ./Src/LCD.o
                0x0000000008001120                LCD_enuWriteIntegerNum
 .text.LCD_enuGoToPosition
                0x00000000080011e8       0x4c ./Src/LCD.o
                0x00000000080011e8                LCD_enuGoToPosition
 .text.LCD_enuLatch
                0x0000000008001234      0x10c ./Src/LCD.o
 .text.NVIC_EnableIRQ
                0x0000000008001340       0x48 ./Src/NVIC.o
                0x0000000008001340                NVIC_EnableIRQ
 .text.RCC_vInitSystemCLK
                0x0000000008001388       0x48 ./Src/RCC.o
                0x0000000008001388                RCC_vInitSystemCLK
 .text.RCC_vEnableClock
                0x00000000080013d0       0xa8 ./Src/RCC.o
                0x00000000080013d0                RCC_vEnableClock
 .text.MSPI_VidInit
                0x0000000008001478       0x7c ./Src/SPI_program.o
                0x0000000008001478                MSPI_VidInit
 .text.MSPI1_voidSendReceiveSynch
                0x00000000080014f4       0x3c ./Src/SPI_program.o
                0x00000000080014f4                MSPI1_voidSendReceiveSynch
 .text.STK_Init
                0x0000000008001530       0x5c ./Src/STK.o
                0x0000000008001530                STK_Init
 .text.STK_Stop
                0x000000000800158c       0x38 ./Src/STK.o
                0x000000000800158c                STK_Stop
 .text.STK_DelayMs
                0x00000000080015c4       0x58 ./Src/STK.o
                0x00000000080015c4                STK_DelayMs
 .text.STK_DelayUs
                0x000000000800161c       0x64 ./Src/STK.o
                0x000000000800161c                STK_DelayUs
 .text.STK_PWM  0x0000000008001680       0x98 ./Src/STK.o
                0x0000000008001680                STK_PWM
 .text.SysTick_Handler
                0x0000000008001718       0xb4 ./Src/STK.o
                0x0000000008001718                SysTick_Handler
 .text.TFT_voidInit
                0x00000000080017cc       0xb0 ./Src/TFT_program.o
                0x00000000080017cc                TFT_voidInit
 .text.voidWriteCommand
                0x000000000800187c       0x2a ./Src/TFT_program.o
 .text.voidWriteData
                0x00000000080018a6       0x2a ./Src/TFT_program.o
 .text.TFT_vSetCursorPosition
                0x00000000080018d0       0x7e ./Src/TFT_program.o
 .text.TFT_vDrawPic
                0x000000000800194e       0x8a ./Src/TFT_program.o
                0x000000000800194e                TFT_vDrawPic
 .text.TFT_vDrawRectangular
                0x00000000080019d8       0x7a ./Src/TFT_program.o
 .text.TFT_vClearScreen
                0x0000000008001a52       0x20 ./Src/TFT_program.o
                0x0000000008001a52                TFT_vClearScreen
 *fill*         0x0000000008001a72        0x2 
 .text.TFT_vDrawLeds
                0x0000000008001a74       0x6c ./Src/TFT_program.o
 .text.TFT_vToggle
                0x0000000008001ae0      0x11c ./Src/TFT_program.o
                0x0000000008001ae0                TFT_vToggle
 .text.TFT_vDoorOpened
                0x0000000008001bfc       0x20 ./Src/TFT_program.o
                0x0000000008001bfc                TFT_vDoorOpened
 .text.TFT_vDoorClosed
                0x0000000008001c1c       0x20 ./Src/TFT_program.o
                0x0000000008001c1c                TFT_vDoorClosed
 .text.TFT_vDrawAirConditioner
                0x0000000008001c3c       0x20 ./Src/TFT_program.o
                0x0000000008001c3c                TFT_vDrawAirConditioner
 .text.TFT_vDrawAcButton
                0x0000000008001c5c       0x24 ./Src/TFT_program.o
                0x0000000008001c5c                TFT_vDrawAcButton
 .text.TFT_vNumberAtPosition
                0x0000000008001c80      0x184 ./Src/TFT_program.o
 .text.TFT_vDrawTempValue
                0x0000000008001e04       0xec ./Src/TFT_program.o
                0x0000000008001e04                TFT_vDrawTempValue
 .text.TFT_vDrawDimmerLed
                0x0000000008001ef0       0x20 ./Src/TFT_program.o
 .text.TFT_vControlDimmerLed
                0x0000000008001f10       0xd4 ./Src/TFT_program.o
                0x0000000008001f10                TFT_vControlDimmerLed
 .text.TFT_vDrawChangePassButton
                0x0000000008001fe4       0x20 ./Src/TFT_program.o
 .text.TFT_vUserPanel
                0x0000000008002004       0x24 ./Src/TFT_program.o
                0x0000000008002004                TFT_vUserPanel
 .text.TFT_vDrawPassword
                0x0000000008002028       0x2a ./Src/TFT_program.o
                0x0000000008002028                TFT_vDrawPassword
 *fill*         0x0000000008002052        0x2 
 .text.HTFT_vDrawKeyPad
                0x0000000008002054       0x20 ./Src/TFT_program.o
 .text.TFT_vPasswordPanel
                0x0000000008002074       0x28 ./Src/TFT_program.o
                0x0000000008002074                TFT_vPasswordPanel
 .text.TFT_vTrialLeft
                0x000000000800209c       0x34 ./Src/TFT_program.o
                0x000000000800209c                TFT_vTrialLeft
 .text.TFT_vChangePasswordPanel
                0x00000000080020d0       0x3c ./Src/TFT_program.o
                0x00000000080020d0                TFT_vChangePasswordPanel
 .text.TFT_vPolicePanel
                0x000000000800210c       0x24 ./Src/TFT_program.o
                0x000000000800210c                TFT_vPolicePanel
 .text.TFT_vDrawPixel
                0x0000000008002130       0x44 ./Src/TFT_program.o
 .text.TFT_vDrawHLine
                0x0000000008002174       0x52 ./Src/TFT_program.o
 .text.TFT_vDrawVLine
                0x00000000080021c6       0x4e ./Src/TFT_program.o
 .text.TFT_vDrawPicturesPixels
                0x0000000008002214       0x98 ./Src/TFT_program.o
                0x0000000008002214                TFT_vDrawPicturesPixels
 .text.TFT_vDrawUpTriangle
                0x00000000080022ac       0x64 ./Src/TFT_program.o
 .text.TFT_vDrawDownTriangle
                0x0000000008002310       0x64 ./Src/TFT_program.o
 .text.TFT_vDrawStar
                0x0000000008002374      0x144 ./Src/TFT_program.o
 .text.UART6_vInit
                0x00000000080024b8       0x4c ./Src/UART.o
                0x00000000080024b8                UART6_vInit
 .text.UART6_Callback
                0x0000000008002504       0x20 ./Src/UART.o
                0x0000000008002504                UART6_Callback
 .text.USART6_IRQHandler
                0x0000000008002524       0x30 ./Src/UART.o
                0x0000000008002524                USART6_IRQHandler
 .text.main     0x0000000008002554      0x118 ./Src/main.o
                0x0000000008002554                main
 .text.PasswordTap
                0x000000000800266c      0x120 ./Src/main.o
                0x000000000800266c                PasswordTap
 .text.WelcomeTap
                0x000000000800278c      0x2b8 ./Src/main.o
                0x000000000800278c                WelcomeTap
 .text.WrongTap
                0x0000000008002a44       0x84 ./Src/main.o
                0x0000000008002a44                WrongTap
 .text.strEqual
                0x0000000008002ac8       0x52 ./Src/main.o
                0x0000000008002ac8                strEqual
 .text.BeebSound
                0x0000000008002b1a       0x22 ./Src/main.o
                0x0000000008002b1a                BeebSound
 .text.Buzzer_TOG
                0x0000000008002b3c       0x16 ./Src/main.o
                0x0000000008002b3c                Buzzer_TOG
 *fill*         0x0000000008002b52        0x2 
 .text.Reset_Handler
                0x0000000008002b54       0x50 ./Startup/startup_stm32f401vetx.o
                0x0000000008002b54                Reset_Handler
 .text.Default_Handler
                0x0000000008002ba4        0x2 ./Startup/startup_stm32f401vetx.o
                0x0000000008002ba4                EXTI2_IRQHandler
                0x0000000008002ba4                DebugMon_Handler
                0x0000000008002ba4                SPI4_IRQHandler
                0x0000000008002ba4                TIM1_CC_IRQHandler
                0x0000000008002ba4                HardFault_Handler
                0x0000000008002ba4                SDIO_IRQHandler
                0x0000000008002ba4                TAMP_STAMP_IRQHandler
                0x0000000008002ba4                PendSV_Handler
                0x0000000008002ba4                NMI_Handler
                0x0000000008002ba4                EXTI3_IRQHandler
                0x0000000008002ba4                TIM1_UP_TIM10_IRQHandler
                0x0000000008002ba4                I2C3_ER_IRQHandler
                0x0000000008002ba4                EXTI18_OTG_FS_WKUP_IRQHandler
                0x0000000008002ba4                I2C2_EV_IRQHandler
                0x0000000008002ba4                FPU_IRQHandler
                0x0000000008002ba4                UsageFault_Handler
                0x0000000008002ba4                SPI1_IRQHandler
                0x0000000008002ba4                TIM1_BRK_TIM9_IRQHandler
                0x0000000008002ba4                TIM4_IRQHandler
                0x0000000008002ba4                I2C1_EV_IRQHandler
                0x0000000008002ba4                TIM3_IRQHandler
                0x0000000008002ba4                RCC_IRQHandler
                0x0000000008002ba4                Default_Handler
                0x0000000008002ba4                EXTI15_10_IRQHandler
                0x0000000008002ba4                TIM5_IRQHandler
                0x0000000008002ba4                I2C3_EV_IRQHandler
                0x0000000008002ba4                EXTI9_5_IRQHandler
                0x0000000008002ba4                SPI2_IRQHandler
                0x0000000008002ba4                MemManage_Handler
                0x0000000008002ba4                SVC_Handler
                0x0000000008002ba4                EXTI4_IRQHandler
                0x0000000008002ba4                EXTI22_RTC_WKUP_IRQHandler
                0x0000000008002ba4                TIM2_IRQHandler
                0x0000000008002ba4                EXTI16_PVD_IRQHandler
                0x0000000008002ba4                TIM1_TRG_COM_TIM11_IRQHandler
                0x0000000008002ba4                EXTI17_RTC_Alarm_IRQHandler
                0x0000000008002ba4                USART2_IRQHandler
                0x0000000008002ba4                I2C2_ER_IRQHandler
                0x0000000008002ba4                FLASH_IRQHandler
                0x0000000008002ba4                BusFault_Handler
                0x0000000008002ba4                USART1_IRQHandler
                0x0000000008002ba4                OTG_FS_IRQHandler
                0x0000000008002ba4                SPI3_IRQHandler
                0x0000000008002ba4                I2C1_ER_IRQHandler
 *fill*         0x0000000008002ba6        0x2 
 .text.__libc_init_array
                0x0000000008002ba8       0x48 c:/st/stm32cubeide_1.9.0/stm32cubeide/plugins/com.st.stm32cube.ide.mcu.externaltools.gnu-tools-for-stm32.10.3-2021.10.win32_1.0.0.202111181127/tools/bin/../lib/gcc/arm-none-eabi/10.3.1/../../../../arm-none-eabi/lib/thumb/v7e-m+fp/hard\libc_nano.a(lib_a-init.o)
                0x0000000008002ba8                __libc_init_array
 *(.glue_7)
 .glue_7        0x0000000008002bf0        0x0 linker stubs
 *(.glue_7t)
 .glue_7t       0x0000000008002bf0        0x0 linker stubs
 *(.eh_frame)
 .eh_frame      0x0000000008002bf0        0x0 c:/st/stm32cubeide_1.9.0/stm32cubeide/plugins/com.st.stm32cube.ide.mcu.externaltools.gnu-tools-for-stm32.10.3-2021.10.win32_1.0.0.202111181127/tools/bin/../lib/gcc/arm-none-eabi/10.3.1/thumb/v7e-m+fp/hard/crtbegin.o
 *(.init)
 .init          0x0000000008002bf0        0x4 c:/st/stm32cubeide_1.9.0/stm32cubeide/plugins/com.st.stm32cube.ide.mcu.externaltools.gnu-tools-for-stm32.10.3-2021.10.win32_1.0.0.202111181127/tools/bin/../lib/gcc/arm-none-eabi/10.3.1/thumb/v7e-m+fp/hard/crti.o
                0x0000000008002bf0                _init
 .init          0x0000000008002bf4        0x8 c:/st/stm32cubeide_1.9.0/stm32cubeide/plugins/com.st.stm32cube.ide.mcu.externaltools.gnu-tools-for-stm32.10.3-2021.10.win32_1.0.0.202111181127/tools/bin/../lib/gcc/arm-none-eabi/10.3.1/thumb/v7e-m+fp/hard/crtn.o
 *(.fini)
 .fini          0x0000000008002bfc        0x4 c:/st/stm32cubeide_1.9.0/stm32cubeide/plugins/com.st.stm32cube.ide.mcu.externaltools.gnu-tools-for-stm32.10.3-2021.10.win32_1.0.0.202111181127/tools/bin/../lib/gcc/arm-none-eabi/10.3.1/thumb/v7e-m+fp/hard/crti.o
                0x0000000008002bfc                _fini
 .fini          0x0000000008002c00        0x8 c:/st/stm32cubeide_1.9.0/stm32cubeide/plugins/com.st.stm32cube.ide.mcu.externaltools.gnu-tools-for-stm32.10.3-2021.10.win32_1.0.0.202111181127/tools/bin/../lib/gcc/arm-none-eabi/10.3.1/thumb/v7e-m+fp/hard/crtn.o
                0x0000000008002c08                . = ALIGN (0x4)
                0x0000000008002c08                _etext = .

.vfp11_veneer   0x0000000008002c08        0x0
 .vfp11_veneer  0x0000000008002c08        0x0 linker stubs

.v4_bx          0x0000000008002c08        0x0
 .v4_bx         0x0000000008002c08        0x0 linker stubs

.iplt           0x0000000008002c08        0x0
 .iplt          0x0000000008002c08        0x0 c:/st/stm32cubeide_1.9.0/stm32cubeide/plugins/com.st.stm32cube.ide.mcu.externaltools.gnu-tools-for-stm32.10.3-2021.10.win32_1.0.0.202111181127/tools/bin/../lib/gcc/arm-none-eabi/10.3.1/thumb/v7e-m+fp/hard/crtbegin.o

.rodata         0x0000000008002c08    0x2a354
                0x0000000008002c08                . = ALIGN (0x4)
 *(.rodata)
 .rodata        0x0000000008002c08       0x10 ./Src/Keypad.o
 .rodata        0x0000000008002c18       0x5a ./Src/main.o
 *(.rodata*)
 *fill*         0x0000000008002c72        0x2 
 .rodata.Num1   0x0000000008002c74       0xc8 ./Src/main.o
                0x0000000008002c74                Num1
 .rodata.Num2   0x0000000008002d3c       0xc8 ./Src/main.o
                0x0000000008002d3c                Num2
 .rodata.Num3   0x0000000008002e04       0xc8 ./Src/main.o
                0x0000000008002e04                Num3
 .rodata.Num4   0x0000000008002ecc       0xc8 ./Src/main.o
                0x0000000008002ecc                Num4
 .rodata.Num5   0x0000000008002f94       0xc8 ./Src/main.o
                0x0000000008002f94                Num5
 .rodata.Num6   0x000000000800305c       0xc8 ./Src/main.o
                0x000000000800305c                Num6
 .rodata.Num7   0x0000000008003124       0xc8 ./Src/main.o
                0x0000000008003124                Num7
 .rodata.Num8   0x00000000080031ec       0xc8 ./Src/main.o
                0x00000000080031ec                Num8
 .rodata.Num9   0x00000000080032b4       0xc8 ./Src/main.o
                0x00000000080032b4                Num9
 .rodata.Dimmer_Led
                0x000000000800337c      0x9b0 ./Src/main.o
                0x000000000800337c                Dimmer_Led
 .rodata.PassScreen
                0x0000000008003d2c     0x26d4 ./Src/main.o
                0x0000000008003d2c                PassScreen
 .rodata.DoorClosed
                0x0000000008006400     0x3b2e ./Src/main.o
                0x0000000008006400                DoorClosed
 *fill*         0x0000000008009f2e        0x2 
 .rodata.DoorOpened
                0x0000000008009f30     0x3b2e ./Src/main.o
                0x0000000008009f30                DoorOpened
 *fill*         0x000000000800da5e        0x2 
 .rodata.AirConditioner
                0x000000000800da60     0x1db0 ./Src/main.o
                0x000000000800da60                AirConditioner
 .rodata.Police
                0x000000000800f810    0x151f8 ./Src/main.o
                0x000000000800f810                Police
 .rodata.NewPassword
                0x0000000008024a08     0x2e52 ./Src/main.o
                0x0000000008024a08                NewPassword
 *fill*         0x000000000802785a        0x2 
 .rodata.TrialsLeftPic
                0x000000000802785c      0xdde ./Src/main.o
                0x000000000802785c                TrialsLeftPic
 *fill*         0x000000000802863a        0x2 
 .rodata.ChangePAsswordPic
                0x000000000802863c     0x1440 ./Src/main.o
                0x000000000802863c                ChangePAsswordPic
 .rodata.KeyPadPic
                0x0000000008029a7c     0x34e0 ./Src/main.o
                0x0000000008029a7c                KeyPadPic
                0x000000000802cf5c                . = ALIGN (0x4)

.rel.dyn        0x000000000802cf5c        0x0
 .rel.iplt      0x000000000802cf5c        0x0 c:/st/stm32cubeide_1.9.0/stm32cubeide/plugins/com.st.stm32cube.ide.mcu.externaltools.gnu-tools-for-stm32.10.3-2021.10.win32_1.0.0.202111181127/tools/bin/../lib/gcc/arm-none-eabi/10.3.1/thumb/v7e-m+fp/hard/crtbegin.o

.ARM.extab      0x000000000802cf5c        0x0
                0x000000000802cf5c                . = ALIGN (0x4)
 *(.ARM.extab* .gnu.linkonce.armextab.*)
                0x000000000802cf5c                . = ALIGN (0x4)

.ARM            0x000000000802cf5c        0x0
                0x000000000802cf5c                . = ALIGN (0x4)
                0x000000000802cf5c                __exidx_start = .
 *(.ARM.exidx*)
                0x000000000802cf5c                __exidx_end = .
                0x000000000802cf5c                . = ALIGN (0x4)

.preinit_array  0x000000000802cf5c        0x0
                0x000000000802cf5c                . = ALIGN (0x4)
                0x000000000802cf5c                PROVIDE (__preinit_array_start = .)
 *(.preinit_array*)
                0x000000000802cf5c                PROVIDE (__preinit_array_end = .)
                0x000000000802cf5c                . = ALIGN (0x4)

.init_array     0x000000000802cf5c        0x4
                0x000000000802cf5c                . = ALIGN (0x4)
                0x000000000802cf5c                PROVIDE (__init_array_start = .)
 *(SORT_BY_NAME(.init_array.*))
 *(.init_array*)
 .init_array    0x000000000802cf5c        0x4 c:/st/stm32cubeide_1.9.0/stm32cubeide/plugins/com.st.stm32cube.ide.mcu.externaltools.gnu-tools-for-stm32.10.3-2021.10.win32_1.0.0.202111181127/tools/bin/../lib/gcc/arm-none-eabi/10.3.1/thumb/v7e-m+fp/hard/crtbegin.o
                0x000000000802cf60                PROVIDE (__init_array_end = .)
                0x000000000802cf60                . = ALIGN (0x4)

.fini_array     0x000000000802cf60        0x4
                0x000000000802cf60                . = ALIGN (0x4)
                [!provide]                        PROVIDE (__fini_array_start = .)
 *(SORT_BY_NAME(.fini_array.*))
 *(.fini_array*)
 .fini_array    0x000000000802cf60        0x4 c:/st/stm32cubeide_1.9.0/stm32cubeide/plugins/com.st.stm32cube.ide.mcu.externaltools.gnu-tools-for-stm32.10.3-2021.10.win32_1.0.0.202111181127/tools/bin/../lib/gcc/arm-none-eabi/10.3.1/thumb/v7e-m+fp/hard/crtbegin.o
                [!provide]                        PROVIDE (__fini_array_end = .)
                0x000000000802cf64                . = ALIGN (0x4)
                0x000000000802cf64                _sidata = LOADADDR (.data)

.data           0x0000000020000000     0x1364 load address 0x000000000802cf64
                0x0000000020000000                . = ALIGN (0x4)
                0x0000000020000000                _sdata = .
 *(.data)
 *(.data*)
 .data.Led_off_pic
                0x0000000020000000      0x9b0 ./Src/main.o
                0x0000000020000000                Led_off_pic
 .data.Led_on_pic
                0x00000000200009b0      0x9b0 ./Src/main.o
                0x00000000200009b0                Led_on_pic
 .data.wanted_Temp
                0x0000000020001360        0x1 ./Src/main.o
                0x0000000020001360                wanted_Temp
 .data.key      0x0000000020001361        0x1 ./Src/main.o
                0x0000000020001361                key
 .data.wrongInputRemain.2
                0x0000000020001362        0x1 ./Src/main.o
 .data.PasswordIndex.0
                0x0000000020001363        0x1 ./Src/main.o
 *(.RamFunc)
 *(.RamFunc*)
                0x0000000020001364                . = ALIGN (0x4)
                0x0000000020001364                _edata = .

.igot.plt       0x0000000020001364        0x0 load address 0x000000000802e2c8
 .igot.plt      0x0000000020001364        0x0 c:/st/stm32cubeide_1.9.0/stm32cubeide/plugins/com.st.stm32cube.ide.mcu.externaltools.gnu-tools-for-stm32.10.3-2021.10.win32_1.0.0.202111181127/tools/bin/../lib/gcc/arm-none-eabi/10.3.1/thumb/v7e-m+fp/hard/crtbegin.o
                0x0000000020001364                . = ALIGN (0x4)

.bss            0x0000000020001364       0xec load address 0x000000000802e2c8
                0x0000000020001364                _sbss = .
                0x0000000020001364                __bss_start__ = _sbss
 *(.bss)
 .bss           0x0000000020001364       0x1c c:/st/stm32cubeide_1.9.0/stm32cubeide/plugins/com.st.stm32cube.ide.mcu.externaltools.gnu-tools-for-stm32.10.3-2021.10.win32_1.0.0.202111181127/tools/bin/../lib/gcc/arm-none-eabi/10.3.1/thumb/v7e-m+fp/hard/crtbegin.o
 *(.bss*)
 .bss.AC_RequiredTemp
                0x0000000020001380        0x1 ./Src/AC.o
                0x0000000020001380                AC_RequiredTemp
 *fill*         0x0000000020001381        0x3 
 .bss.ADC_RequiredValue
                0x0000000020001384        0x4 ./Src/ADC.o
 .bss.ADC_CurrentAppState
                0x0000000020001388        0x1 ./Src/ADC.o
 *fill*         0x0000000020001389        0x3 
 .bss.ADC_pAppFunStart
                0x000000002000138c        0x4 ./Src/ADC.o
 .bss.ADC_pAppFunStop
                0x0000000020001390        0x4 ./Src/ADC.o
 .bss.read      0x0000000020001394        0x1 ./Src/ADC.o
                0x0000000020001394                read
 .bss.RequiredRegisterValue
                0x0000000020001395        0x1 ./Src/ADC.o
                0x0000000020001395                RequiredRegisterValue
 *fill*         0x0000000020001396        0x2 
 .bss.counter.0
                0x0000000020001398        0x4 ./Src/Door.o
 .bss.EXTI_ApAppFun
                0x000000002000139c       0x40 ./Src/EXTI.o
 .bss.EXTI_ApAppFunParameter
                0x00000000200013dc       0x40 ./Src/EXTI.o
 .bss.HC05_read
                0x000000002000141c        0x4 ./Src/HC05.o
                0x000000002000141c                HC05_read
 .bss.STK_CLK_Ms_Ticks
                0x0000000020001420        0x4 ./Src/STK.o
 .bss.STK_RequiredOnTime
                0x0000000020001424        0x4 ./Src/STK.o
 .bss.STK_RequiredOffTime
                0x0000000020001428        0x4 ./Src/STK.o
 .bss.STK_pAppFun
                0x000000002000142c        0x4 ./Src/STK.o
 .bss.STK_CallBackMode
                0x0000000020001430        0x1 ./Src/STK.o
 .bss.L_u8ReadFlag
                0x0000000020001431        0x1 ./Src/STK.o
 *fill*         0x0000000020001432        0x2 
 .bss.counter   0x0000000020001434        0x4 ./Src/STK.o
 .bss.ledTog.0  0x0000000020001438        0x6 ./Src/TFT_program.o
 *fill*         0x000000002000143e        0x2 
 .bss.UART6_pAppParamter
                0x0000000020001440        0x4 ./Src/UART.o
 .bss.Loc_s8StrItrr.4
                0x0000000020001444        0x1 ./Src/main.o
 *fill*         0x0000000020001445        0x3 
 .bss.EnteredPassword.3
                0x0000000020001448        0x4 ./Src/main.o
 .bss.DimmerLedVal.1
                0x000000002000144c        0x1 ./Src/main.o
 *(COMMON)
                0x0000000020001450                . = ALIGN (0x4)
 *fill*         0x000000002000144d        0x3 
                0x0000000020001450                _ebss = .
                0x0000000020001450                __bss_end__ = _ebss

._user_heap_stack
                0x0000000020001450      0x600 load address 0x000000000802e2c8
                0x0000000020001450                . = ALIGN (0x8)
                [!provide]                        PROVIDE (end = .)
                0x0000000020001450                PROVIDE (_end = .)
                0x0000000020001650                . = (. + _Min_Heap_Size)
 *fill*         0x0000000020001450      0x200 
                0x0000000020001a50                . = (. + _Min_Stack_Size)
 *fill*         0x0000000020001650      0x400 
                0x0000000020001a50                . = ALIGN (0x8)

/DISCARD/
 libc.a(*)
 libm.a(*)
 libgcc.a(*)

.ARM.attributes
                0x0000000000000000       0x30
 *(.ARM.attributes)
 .ARM.attributes
                0x0000000000000000       0x1e c:/st/stm32cubeide_1.9.0/stm32cubeide/plugins/com.st.stm32cube.ide.mcu.externaltools.gnu-tools-for-stm32.10.3-2021.10.win32_1.0.0.202111181127/tools/bin/../lib/gcc/arm-none-eabi/10.3.1/thumb/v7e-m+fp/hard/crti.o
 .ARM.attributes
                0x000000000000001e       0x34 c:/st/stm32cubeide_1.9.0/stm32cubeide/plugins/com.st.stm32cube.ide.mcu.externaltools.gnu-tools-for-stm32.10.3-2021.10.win32_1.0.0.202111181127/tools/bin/../lib/gcc/arm-none-eabi/10.3.1/thumb/v7e-m+fp/hard/crtbegin.o
 .ARM.attributes
                0x0000000000000052       0x34 ./Src/AC.o
 .ARM.attributes
                0x0000000000000086       0x34 ./Src/ADC.o
 .ARM.attributes
                0x00000000000000ba       0x34 ./Src/Door.o
 .ARM.attributes
                0x00000000000000ee       0x34 ./Src/EXTI.o
 .ARM.attributes
                0x0000000000000122       0x34 ./Src/GPIO.o
 .ARM.attributes
                0x0000000000000156       0x34 ./Src/HC05.o
 .ARM.attributes
                0x000000000000018a       0x34 ./Src/Keypad.o
 .ARM.attributes
                0x00000000000001be       0x34 ./Src/LCD.o
 .ARM.attributes
                0x00000000000001f2       0x34 ./Src/NVIC.o
 .ARM.attributes
                0x0000000000000226       0x34 ./Src/RCC.o
 .ARM.attributes
                0x000000000000025a       0x34 ./Src/SPI_program.o
 .ARM.attributes
                0x000000000000028e       0x34 ./Src/STK.o
 .ARM.attributes
                0x00000000000002c2       0x34 ./Src/TFT_program.o
 .ARM.attributes
                0x00000000000002f6       0x34 ./Src/UART.o
 .ARM.attributes
                0x000000000000032a       0x34 ./Src/main.o
 .ARM.attributes
                0x000000000000035e       0x21 ./Startup/startup_stm32f401vetx.o
 .ARM.attributes
                0x000000000000037f       0x34 c:/st/stm32cubeide_1.9.0/stm32cubeide/plugins/com.st.stm32cube.ide.mcu.externaltools.gnu-tools-for-stm32.10.3-2021.10.win32_1.0.0.202111181127/tools/bin/../lib/gcc/arm-none-eabi/10.3.1/../../../../arm-none-eabi/lib/thumb/v7e-m+fp/hard\libc_nano.a(lib_a-init.o)
 .ARM.attributes
                0x00000000000003b3       0x1e c:/st/stm32cubeide_1.9.0/stm32cubeide/plugins/com.st.stm32cube.ide.mcu.externaltools.gnu-tools-for-stm32.10.3-2021.10.win32_1.0.0.202111181127/tools/bin/../lib/gcc/arm-none-eabi/10.3.1/thumb/v7e-m+fp/hard/crtn.o
OUTPUT(Smart_Home_G2.elf elf32-littlearm)
LOAD linker stubs
LOAD c:/st/stm32cubeide_1.9.0/stm32cubeide/plugins/com.st.stm32cube.ide.mcu.externaltools.gnu-tools-for-stm32.10.3-2021.10.win32_1.0.0.202111181127/tools/bin/../lib/gcc/arm-none-eabi/10.3.1/../../../../arm-none-eabi/lib/thumb/v7e-m+fp/hard\libc.a
LOAD c:/st/stm32cubeide_1.9.0/stm32cubeide/plugins/com.st.stm32cube.ide.mcu.externaltools.gnu-tools-for-stm32.10.3-2021.10.win32_1.0.0.202111181127/tools/bin/../lib/gcc/arm-none-eabi/10.3.1/../../../../arm-none-eabi/lib/thumb/v7e-m+fp/hard\libm.a
LOAD c:/st/stm32cubeide_1.9.0/stm32cubeide/plugins/com.st.stm32cube.ide.mcu.externaltools.gnu-tools-for-stm32.10.3-2021.10.win32_1.0.0.202111181127/tools/bin/../lib/gcc/arm-none-eabi/10.3.1/thumb/v7e-m+fp/hard\libgcc.a

.debug_info     0x0000000000000000     0x42ca
 .debug_info    0x0000000000000000      0x4ae ./Src/AC.o
 .debug_info    0x00000000000004ae      0x30f ./Src/ADC.o
 .debug_info    0x00000000000007bd      0x246 ./Src/Door.o
 .debug_info    0x0000000000000a03      0x2d6 ./Src/EXTI.o
 .debug_info    0x0000000000000cd9      0x598 ./Src/GPIO.o
 .debug_info    0x0000000000001271      0x513 ./Src/HC05.o
 .debug_info    0x0000000000001784      0x34d ./Src/Keypad.o
 .debug_info    0x0000000000001ad1      0x47a ./Src/LCD.o
 .debug_info    0x0000000000001f4b      0x518 ./Src/NVIC.o
 .debug_info    0x0000000000002463      0x30b ./Src/RCC.o
 .debug_info    0x000000000000276e      0x18d ./Src/SPI_program.o
 .debug_info    0x00000000000028fb      0x33d ./Src/STK.o
 .debug_info    0x0000000000002c38      0xc1d ./Src/TFT_program.o
 .debug_info    0x0000000000003855      0x1d2 ./Src/UART.o
 .debug_info    0x0000000000003a27      0x881 ./Src/main.o
 .debug_info    0x00000000000042a8       0x22 ./Startup/startup_stm32f401vetx.o

.debug_abbrev   0x0000000000000000     0x1289
 .debug_abbrev  0x0000000000000000      0x142 ./Src/AC.o
 .debug_abbrev  0x0000000000000142      0x129 ./Src/ADC.o
 .debug_abbrev  0x000000000000026b      0x10f ./Src/Door.o
 .debug_abbrev  0x000000000000037a      0x138 ./Src/EXTI.o
 .debug_abbrev  0x00000000000004b2       0xff ./Src/GPIO.o
 .debug_abbrev  0x00000000000005b1      0x162 ./Src/HC05.o
 .debug_abbrev  0x0000000000000713       0xf4 ./Src/Keypad.o
 .debug_abbrev  0x0000000000000807      0x103 ./Src/LCD.o
 .debug_abbrev  0x000000000000090a      0x13f ./Src/NVIC.o
 .debug_abbrev  0x0000000000000a49       0xed ./Src/RCC.o
 .debug_abbrev  0x0000000000000b36       0xc8 ./Src/SPI_program.o
 .debug_abbrev  0x0000000000000bfe      0x16a ./Src/STK.o
 .debug_abbrev  0x0000000000000d68      0x245 ./Src/TFT_program.o
 .debug_abbrev  0x0000000000000fad       0xf7 ./Src/UART.o
 .debug_abbrev  0x00000000000010a4      0x1d3 ./Src/main.o
 .debug_abbrev  0x0000000000001277       0x12 ./Startup/startup_stm32f401vetx.o

.debug_aranges  0x0000000000000000      0x570
 .debug_aranges
                0x0000000000000000       0x40 ./Src/AC.o
 .debug_aranges
                0x0000000000000040       0x48 ./Src/ADC.o
 .debug_aranges
                0x0000000000000088       0x30 ./Src/Door.o
 .debug_aranges
                0x00000000000000b8       0x48 ./Src/EXTI.o
 .debug_aranges
                0x0000000000000100       0x60 ./Src/GPIO.o
 .debug_aranges
                0x0000000000000160       0x38 ./Src/HC05.o
 .debug_aranges
                0x0000000000000198       0x28 ./Src/Keypad.o
 .debug_aranges
                0x00000000000001c0       0x68 ./Src/LCD.o
 .debug_aranges
                0x0000000000000228       0x68 ./Src/NVIC.o
 .debug_aranges
                0x0000000000000290       0x40 ./Src/RCC.o
 .debug_aranges
                0x00000000000002d0       0x38 ./Src/SPI_program.o
 .debug_aranges
                0x0000000000000308       0x68 ./Src/STK.o
 .debug_aranges
                0x0000000000000370      0x148 ./Src/TFT_program.o
 .debug_aranges
                0x00000000000004b8       0x40 ./Src/UART.o
 .debug_aranges
                0x00000000000004f8       0x50 ./Src/main.o
 .debug_aranges
                0x0000000000000548       0x28 ./Startup/startup_stm32f401vetx.o

.debug_ranges   0x0000000000000000      0x478
 .debug_ranges  0x0000000000000000       0x30 ./Src/AC.o
 .debug_ranges  0x0000000000000030       0x38 ./Src/ADC.o
 .debug_ranges  0x0000000000000068       0x20 ./Src/Door.o
 .debug_ranges  0x0000000000000088       0x38 ./Src/EXTI.o
 .debug_ranges  0x00000000000000c0       0x50 ./Src/GPIO.o
 .debug_ranges  0x0000000000000110       0x28 ./Src/HC05.o
 .debug_ranges  0x0000000000000138       0x18 ./Src/Keypad.o
 .debug_ranges  0x0000000000000150       0x58 ./Src/LCD.o
 .debug_ranges  0x00000000000001a8       0x58 ./Src/NVIC.o
 .debug_ranges  0x0000000000000200       0x30 ./Src/RCC.o
 .debug_ranges  0x0000000000000230       0x28 ./Src/SPI_program.o
 .debug_ranges  0x0000000000000258       0x58 ./Src/STK.o
 .debug_ranges  0x00000000000002b0      0x138 ./Src/TFT_program.o
 .debug_ranges  0x00000000000003e8       0x30 ./Src/UART.o
 .debug_ranges  0x0000000000000418       0x40 ./Src/main.o
 .debug_ranges  0x0000000000000458       0x20 ./Startup/startup_stm32f401vetx.o

.debug_macro    0x0000000000000000     0x1e1f
 .debug_macro   0x0000000000000000       0x5c ./Src/AC.o
 .debug_macro   0x000000000000005c      0xa7e ./Src/AC.o
 .debug_macro   0x0000000000000ada       0x10 ./Src/AC.o
 .debug_macro   0x0000000000000aea       0x22 ./Src/AC.o
 .debug_macro   0x0000000000000b0c       0x52 ./Src/AC.o
 .debug_macro   0x0000000000000b5e      0x1a0 ./Src/AC.o
 .debug_macro   0x0000000000000cfe       0x22 ./Src/AC.o
 .debug_macro   0x0000000000000d20       0x48 ./Src/ADC.o
 .debug_macro   0x0000000000000d68       0x22 ./Src/ADC.o
 .debug_macro   0x0000000000000d8a       0x7c ./Src/ADC.o
 .debug_macro   0x0000000000000e06       0x49 ./Src/Door.o
 .debug_macro   0x0000000000000e4f       0x16 ./Src/Door.o
 .debug_macro   0x0000000000000e65       0x1c ./Src/Door.o
 .debug_macro   0x0000000000000e81       0x40 ./Src/EXTI.o
 .debug_macro   0x0000000000000ec1       0x16 ./Src/EXTI.o
 .debug_macro   0x0000000000000ed7       0x40 ./Src/GPIO.o
 .debug_macro   0x0000000000000f17       0x52 ./Src/GPIO.o
 .debug_macro   0x0000000000000f69       0x5d ./Src/HC05.o
 .debug_macro   0x0000000000000fc6       0x3a ./Src/HC05.o
 .debug_macro   0x0000000000001000       0x5d ./Src/Keypad.o
 .debug_macro   0x000000000000105d       0x7c ./Src/Keypad.o
 .debug_macro   0x00000000000010d9       0x10 ./Src/Keypad.o
 .debug_macro   0x00000000000010e9       0x5c ./Src/LCD.o
 .debug_macro   0x0000000000001145       0x9a ./Src/LCD.o
 .debug_macro   0x00000000000011df       0xee ./Src/LCD.o
 .debug_macro   0x00000000000012cd       0x40 ./Src/NVIC.o
 .debug_macro   0x000000000000130d       0x16 ./Src/NVIC.o
 .debug_macro   0x0000000000001323       0x3e ./Src/RCC.o
 .debug_macro   0x0000000000001361       0x1c ./Src/RCC.o
 .debug_macro   0x000000000000137d       0x1c ./Src/RCC.o
 .debug_macro   0x0000000000001399       0x3f ./Src/SPI_program.o
 .debug_macro   0x00000000000013d8       0x10 ./Src/SPI_program.o
 .debug_macro   0x00000000000013e8       0x3a ./Src/SPI_program.o
 .debug_macro   0x0000000000001422       0x40 ./Src/STK.o
 .debug_macro   0x0000000000001462       0x40 ./Src/STK.o
 .debug_macro   0x00000000000014a2       0x67 ./Src/TFT_program.o
 .debug_macro   0x0000000000001509      0x1c4 ./Src/TFT_program.o
 .debug_macro   0x00000000000016cd       0x22 ./Src/TFT_program.o
 .debug_macro   0x00000000000016ef       0x52 ./Src/UART.o
 .debug_macro   0x0000000000001741      0x503 ./Src/UART.o
 .debug_macro   0x0000000000001c44       0x64 ./Src/UART.o
 .debug_macro   0x0000000000001ca8      0x10d ./Src/main.o
 .debug_macro   0x0000000000001db5       0x6a ./Src/main.o

.debug_line     0x0000000000000000     0x2998
 .debug_line    0x0000000000000000      0x161 ./Src/AC.o
 .debug_line    0x0000000000000161      0x1b0 ./Src/ADC.o
 .debug_line    0x0000000000000311      0x106 ./Src/Door.o
 .debug_line    0x0000000000000417      0x1d1 ./Src/EXTI.o
 .debug_line    0x00000000000005e8      0x61f ./Src/GPIO.o
 .debug_line    0x0000000000000c07      0x15a ./Src/HC05.o
 .debug_line    0x0000000000000d61      0x1b8 ./Src/Keypad.o
 .debug_line    0x0000000000000f19      0x2fe ./Src/LCD.o
 .debug_line    0x0000000000001217      0x1e4 ./Src/NVIC.o
 .debug_line    0x00000000000013fb      0x16d ./Src/RCC.o
 .debug_line    0x0000000000001568      0x13f ./Src/SPI_program.o
 .debug_line    0x00000000000016a7      0x2b6 ./Src/STK.o
 .debug_line    0x000000000000195d      0x82f ./Src/TFT_program.o
 .debug_line    0x000000000000218c      0x1b8 ./Src/UART.o
 .debug_line    0x0000000000002344      0x5d0 ./Src/main.o
 .debug_line    0x0000000000002914       0x84 ./Startup/startup_stm32f401vetx.o

.debug_str      0x0000000000000000     0x8181
 .debug_str     0x0000000000000000     0x3917 ./Src/AC.o
                                       0x3a17 (size before relaxing)
 .debug_str     0x0000000000003917      0x4ba ./Src/ADC.o
                                       0x3441 (size before relaxing)
 .debug_str     0x0000000000003dd1       0xd4 ./Src/Door.o
                                       0x2fe9 (size before relaxing)
 .debug_str     0x0000000000003ea5      0x231 ./Src/EXTI.o
                                       0x306b (size before relaxing)
 .debug_str     0x00000000000040d6      0x3bd ./Src/GPIO.o
                                       0x3330 (size before relaxing)
 .debug_str     0x0000000000004493      0x1c3 ./Src/HC05.o
                                       0x39c3 (size before relaxing)
 .debug_str     0x0000000000004656      0x33c ./Src/Keypad.o
                                       0x3307 (size before relaxing)
 .debug_str     0x0000000000004992      0x805 ./Src/LCD.o
                                       0x3a77 (size before relaxing)
 .debug_str     0x0000000000005197      0x1ea ./Src/NVIC.o
                                       0x33d9 (size before relaxing)
 .debug_str     0x0000000000005381      0x1dd ./Src/RCC.o
                                       0x3533 (size before relaxing)
 .debug_str     0x000000000000555e      0x1e2 ./Src/SPI_program.o
                                       0x300f (size before relaxing)
 .debug_str     0x0000000000005740      0x295 ./Src/STK.o
                                       0x3110 (size before relaxing)
 .debug_str     0x00000000000059d5      0x8d6 ./Src/TFT_program.o
                                       0x394c (size before relaxing)
 .debug_str     0x00000000000062ab     0x1bea ./Src/UART.o
                                       0x4d7f (size before relaxing)
 .debug_str     0x0000000000007e95      0x2bb ./Src/main.o
                                       0x3efe (size before relaxing)
 .debug_str     0x0000000000008150       0x31 ./Startup/startup_stm32f401vetx.o
                                         0x7f (size before relaxing)

.comment        0x0000000000000000       0x50
 .comment       0x0000000000000000       0x50 ./Src/AC.o
                                         0x51 (size before relaxing)
 .comment       0x0000000000000050       0x51 ./Src/ADC.o
 .comment       0x0000000000000050       0x51 ./Src/Door.o
 .comment       0x0000000000000050       0x51 ./Src/EXTI.o
 .comment       0x0000000000000050       0x51 ./Src/GPIO.o
 .comment       0x0000000000000050       0x51 ./Src/HC05.o
 .comment       0x0000000000000050       0x51 ./Src/Keypad.o
 .comment       0x0000000000000050       0x51 ./Src/LCD.o
 .comment       0x0000000000000050       0x51 ./Src/NVIC.o
 .comment       0x0000000000000050       0x51 ./Src/RCC.o
 .comment       0x0000000000000050       0x51 ./Src/SPI_program.o
 .comment       0x0000000000000050       0x51 ./Src/STK.o
 .comment       0x0000000000000050       0x51 ./Src/TFT_program.o
 .comment       0x0000000000000050       0x51 ./Src/UART.o
 .comment       0x0000000000000050       0x51 ./Src/main.o

.debug_frame    0x0000000000000000     0x12a0
 .debug_frame   0x0000000000000000       0xb0 ./Src/AC.o
 .debug_frame   0x00000000000000b0       0xd4 ./Src/ADC.o
 .debug_frame   0x0000000000000184       0x6c ./Src/Door.o
 .debug_frame   0x00000000000001f0       0xe8 ./Src/EXTI.o
 .debug_frame   0x00000000000002d8      0x178 ./Src/GPIO.o
 .debug_frame   0x0000000000000450       0x9c ./Src/HC05.o
 .debug_frame   0x00000000000004ec       0x54 ./Src/Keypad.o
 .debug_frame   0x0000000000000540      0x170 ./Src/LCD.o
 .debug_frame   0x00000000000006b0      0x1a0 ./Src/NVIC.o
 .debug_frame   0x0000000000000850       0xc0 ./Src/RCC.o
 .debug_frame   0x0000000000000910       0x98 ./Src/SPI_program.o
 .debug_frame   0x00000000000009a8      0x188 ./Src/STK.o
 .debug_frame   0x0000000000000b30      0x580 ./Src/TFT_program.o
 .debug_frame   0x00000000000010b0       0xc8 ./Src/UART.o
 .debug_frame   0x0000000000001178       0xfc ./Src/main.o
 .debug_frame   0x0000000000001274       0x2c c:/st/stm32cubeide_1.9.0/stm32cubeide/plugins/com.st.stm32cube.ide.mcu.externaltools.gnu-tools-for-stm32.10.3-2021.10.win32_1.0.0.202111181127/tools/bin/../lib/gcc/arm-none-eabi/10.3.1/../../../../arm-none-eabi/lib/thumb/v7e-m+fp/hard\libc_nano.a(lib_a-init.o)
