Archive member included to satisfy reference by file (symbol)

c:/st/stm32cubeide_1.9.0/stm32cubeide/plugins/com.st.stm32cube.ide.mcu.externaltools.gnu-tools-for-stm32.10.3-2021.10.win32_1.0.0.202111181127/tools/bin/../lib/gcc/arm-none-eabi/10.3.1/../../../../arm-none-eabi/lib/thumb/v7e-m+fp/hard\libc_nano.a(lib_a-errno.o)
                              ./Src/syscalls.o (__errno)
c:/st/stm32cubeide_1.9.0/stm32cubeide/plugins/com.st.stm32cube.ide.mcu.externaltools.gnu-tools-for-stm32.10.3-2021.10.win32_1.0.0.202111181127/tools/bin/../lib/gcc/arm-none-eabi/10.3.1/../../../../arm-none-eabi/lib/thumb/v7e-m+fp/hard\libc_nano.a(lib_a-exit.o)
                              c:/st/stm32cubeide_1.9.0/stm32cubeide/plugins/com.st.stm32cube.ide.mcu.externaltools.gnu-tools-for-stm32.10.3-2021.10.win32_1.0.0.202111181127/tools/bin/../lib/gcc/arm-none-eabi/10.3.1/../../../../arm-none-eabi/lib/thumb/v7e-m+fp/hard/crt0.o (exit)
c:/st/stm32cubeide_1.9.0/stm32cubeide/plugins/com.st.stm32cube.ide.mcu.externaltools.gnu-tools-for-stm32.10.3-2021.10.win32_1.0.0.202111181127/tools/bin/../lib/gcc/arm-none-eabi/10.3.1/../../../../arm-none-eabi/lib/thumb/v7e-m+fp/hard\libc_nano.a(lib_a-impure.o)
                              c:/st/stm32cubeide_1.9.0/stm32cubeide/plugins/com.st.stm32cube.ide.mcu.externaltools.gnu-tools-for-stm32.10.3-2021.10.win32_1.0.0.202111181127/tools/bin/../lib/gcc/arm-none-eabi/10.3.1/../../../../arm-none-eabi/lib/thumb/v7e-m+fp/hard\libc_nano.a(lib_a-exit.o) (_global_impure_ptr)
c:/st/stm32cubeide_1.9.0/stm32cubeide/plugins/com.st.stm32cube.ide.mcu.externaltools.gnu-tools-for-stm32.10.3-2021.10.win32_1.0.0.202111181127/tools/bin/../lib/gcc/arm-none-eabi/10.3.1/../../../../arm-none-eabi/lib/thumb/v7e-m+fp/hard\libc_nano.a(lib_a-init.o)
                              c:/st/stm32cubeide_1.9.0/stm32cubeide/plugins/com.st.stm32cube.ide.mcu.externaltools.gnu-tools-for-stm32.10.3-2021.10.win32_1.0.0.202111181127/tools/bin/../lib/gcc/arm-none-eabi/10.3.1/../../../../arm-none-eabi/lib/thumb/v7e-m+fp/hard/crt0.o (__libc_init_array)
c:/st/stm32cubeide_1.9.0/stm32cubeide/plugins/com.st.stm32cube.ide.mcu.externaltools.gnu-tools-for-stm32.10.3-2021.10.win32_1.0.0.202111181127/tools/bin/../lib/gcc/arm-none-eabi/10.3.1/../../../../arm-none-eabi/lib/thumb/v7e-m+fp/hard\libc_nano.a(lib_a-memset.o)
                              c:/st/stm32cubeide_1.9.0/stm32cubeide/plugins/com.st.stm32cube.ide.mcu.externaltools.gnu-tools-for-stm32.10.3-2021.10.win32_1.0.0.202111181127/tools/bin/../lib/gcc/arm-none-eabi/10.3.1/../../../../arm-none-eabi/lib/thumb/v7e-m+fp/hard/crt0.o (memset)

Discarded input sections

 .text          0x0000000000000000        0x0 c:/st/stm32cubeide_1.9.0/stm32cubeide/plugins/com.st.stm32cube.ide.mcu.externaltools.gnu-tools-for-stm32.10.3-2021.10.win32_1.0.0.202111181127/tools/bin/../lib/gcc/arm-none-eabi/10.3.1/thumb/v7e-m+fp/hard/crti.o
 .data          0x0000000000000000        0x0 c:/st/stm32cubeide_1.9.0/stm32cubeide/plugins/com.st.stm32cube.ide.mcu.externaltools.gnu-tools-for-stm32.10.3-2021.10.win32_1.0.0.202111181127/tools/bin/../lib/gcc/arm-none-eabi/10.3.1/thumb/v7e-m+fp/hard/crti.o
 .bss           0x0000000000000000        0x0 c:/st/stm32cubeide_1.9.0/stm32cubeide/plugins/com.st.stm32cube.ide.mcu.externaltools.gnu-tools-for-stm32.10.3-2021.10.win32_1.0.0.202111181127/tools/bin/../lib/gcc/arm-none-eabi/10.3.1/thumb/v7e-m+fp/hard/crti.o
 .data          0x0000000000000000        0x4 c:/st/stm32cubeide_1.9.0/stm32cubeide/plugins/com.st.stm32cube.ide.mcu.externaltools.gnu-tools-for-stm32.10.3-2021.10.win32_1.0.0.202111181127/tools/bin/../lib/gcc/arm-none-eabi/10.3.1/thumb/v7e-m+fp/hard/crtbegin.o
 .rodata        0x0000000000000000       0x24 c:/st/stm32cubeide_1.9.0/stm32cubeide/plugins/com.st.stm32cube.ide.mcu.externaltools.gnu-tools-for-stm32.10.3-2021.10.win32_1.0.0.202111181127/tools/bin/../lib/gcc/arm-none-eabi/10.3.1/thumb/v7e-m+fp/hard/crtbegin.o
 .text          0x0000000000000000       0x7c c:/st/stm32cubeide_1.9.0/stm32cubeide/plugins/com.st.stm32cube.ide.mcu.externaltools.gnu-tools-for-stm32.10.3-2021.10.win32_1.0.0.202111181127/tools/bin/../lib/gcc/arm-none-eabi/10.3.1/../../../../arm-none-eabi/lib/thumb/v7e-m+fp/hard/crt0.o
 .data          0x0000000000000000        0x0 c:/st/stm32cubeide_1.9.0/stm32cubeide/plugins/com.st.stm32cube.ide.mcu.externaltools.gnu-tools-for-stm32.10.3-2021.10.win32_1.0.0.202111181127/tools/bin/../lib/gcc/arm-none-eabi/10.3.1/../../../../arm-none-eabi/lib/thumb/v7e-m+fp/hard/crt0.o
 .bss           0x0000000000000000        0x0 c:/st/stm32cubeide_1.9.0/stm32cubeide/plugins/com.st.stm32cube.ide.mcu.externaltools.gnu-tools-for-stm32.10.3-2021.10.win32_1.0.0.202111181127/tools/bin/../lib/gcc/arm-none-eabi/10.3.1/../../../../arm-none-eabi/lib/thumb/v7e-m+fp/hard/crt0.o
 .ARM.extab     0x0000000000000000        0x0 c:/st/stm32cubeide_1.9.0/stm32cubeide/plugins/com.st.stm32cube.ide.mcu.externaltools.gnu-tools-for-stm32.10.3-2021.10.win32_1.0.0.202111181127/tools/bin/../lib/gcc/arm-none-eabi/10.3.1/../../../../arm-none-eabi/lib/thumb/v7e-m+fp/hard/crt0.o
 .ARM.exidx     0x0000000000000000       0x10 c:/st/stm32cubeide_1.9.0/stm32cubeide/plugins/com.st.stm32cube.ide.mcu.externaltools.gnu-tools-for-stm32.10.3-2021.10.win32_1.0.0.202111181127/tools/bin/../lib/gcc/arm-none-eabi/10.3.1/../../../../arm-none-eabi/lib/thumb/v7e-m+fp/hard/crt0.o
 .ARM.attributes
                0x0000000000000000       0x1c c:/st/stm32cubeide_1.9.0/stm32cubeide/plugins/com.st.stm32cube.ide.mcu.externaltools.gnu-tools-for-stm32.10.3-2021.10.win32_1.0.0.202111181127/tools/bin/../lib/gcc/arm-none-eabi/10.3.1/../../../../arm-none-eabi/lib/thumb/v7e-m+fp/hard/crt0.o
 .text          0x0000000000000000        0x0 ./Src/AC.o
 .data          0x0000000000000000        0x0 ./Src/AC.o
 .bss           0x0000000000000000        0x0 ./Src/AC.o
 .text.AC_TempRead
                0x0000000000000000        0xc ./Src/AC.o
 .text          0x0000000000000000        0x0 ./Src/ADC.o
 .data          0x0000000000000000        0x0 ./Src/ADC.o
 .bss           0x0000000000000000        0x0 ./Src/ADC.o
 .text.ADC_Stop
                0x0000000000000000       0x10 ./Src/ADC.o
 .text.ADC_Read
                0x0000000000000000       0x24 ./Src/ADC.o
 .text          0x0000000000000000        0x0 ./Src/Door.o
 .data          0x0000000000000000        0x0 ./Src/Door.o
 .bss           0x0000000000000000        0x0 ./Src/Door.o
 .text          0x0000000000000000        0x0 ./Src/EXTI.o
 .data          0x0000000000000000        0x0 ./Src/EXTI.o
 .bss           0x0000000000000000        0x0 ./Src/EXTI.o
 .text.EXTI_vEnableLine
                0x0000000000000000       0x38 ./Src/EXTI.o
 .text.EXTI_vDisableLine
                0x0000000000000000       0x1c ./Src/EXTI.o
 .text.EXTI_vSoftwareInterruptEvent
                0x0000000000000000       0x18 ./Src/EXTI.o
 .text.EXTI_vCallBack
                0x0000000000000000       0x20 ./Src/EXTI.o
 .text          0x0000000000000000        0x0 ./Src/GPIO.o
 .data          0x0000000000000000        0x0 ./Src/GPIO.o
 .bss           0x0000000000000000        0x0 ./Src/GPIO.o
 .text.GPIO_vSetType
                0x0000000000000000       0x5c ./Src/GPIO.o
 .text.GPIO_vSetSpeed
                0x0000000000000000       0x58 ./Src/GPIO.o
 .text.GPIO_vLockPin
                0x0000000000000000        0x2 ./Src/GPIO.o
 .text          0x0000000000000000        0x0 ./Src/HC05.o
 .data          0x0000000000000000        0x0 ./Src/HC05.o
 .bss           0x0000000000000000        0x0 ./Src/HC05.o
 .text.HC05_SendReceive
                0x0000000000000000        0x4 ./Src/HC05.o
 .text.HC05_Receive
                0x0000000000000000        0x4 ./Src/HC05.o
 .text          0x0000000000000000        0x0 ./Src/Keypad.o
 .data          0x0000000000000000        0x0 ./Src/Keypad.o
 .bss           0x0000000000000000        0x0 ./Src/Keypad.o
 .text          0x0000000000000000        0x0 ./Src/LCD.o
 .data          0x0000000000000000        0x0 ./Src/LCD.o
 .bss           0x0000000000000000        0x0 ./Src/LCD.o
 .text.LCD_enuWriteFloatNum
                0x0000000000000000       0x6c ./Src/LCD.o
 .text.LCD_enuCharacterGenerator
                0x0000000000000000       0x24 ./Src/LCD.o
 .text.LCD_enuStopWatch
                0x0000000000000000       0x54 ./Src/LCD.o
 .text          0x0000000000000000        0x0 ./Src/LED.o
 .data          0x0000000000000000        0x0 ./Src/LED.o
 .bss           0x0000000000000000        0x0 ./Src/LED.o
 .text.LED_Init
                0x0000000000000000       0x30 ./Src/LED.o
 .text.LED_On   0x0000000000000000        0xa ./Src/LED.o
 .text.LED_Off  0x0000000000000000        0xa ./Src/LED.o
 .comment       0x0000000000000000       0x51 ./Src/LED.o
 .ARM.attributes
                0x0000000000000000       0x34 ./Src/LED.o
 .text          0x0000000000000000        0x0 ./Src/LED_Config.o
 .data          0x0000000000000000        0x0 ./Src/LED_Config.o
 .bss           0x0000000000000000        0x0 ./Src/LED_Config.o
 .data.LED      0x0000000000000000        0x8 ./Src/LED_Config.o
 .data.LED_u8LEDNum
                0x0000000000000000        0x1 ./Src/LED_Config.o
 .comment       0x0000000000000000       0x51 ./Src/LED_Config.o
 .ARM.attributes
                0x0000000000000000       0x34 ./Src/LED_Config.o
 .text          0x0000000000000000        0x0 ./Src/NVIC.o
 .data          0x0000000000000000        0x0 ./Src/NVIC.o
 .bss           0x0000000000000000        0x0 ./Src/NVIC.o
 .text.NVIC_SetPriorityGrouping
                0x0000000000000000        0x2 ./Src/NVIC.o
 .text.NVIC_DisableIRQ
                0x0000000000000000       0x2e ./Src/NVIC.o
 .text.NVIC_SetPendingIRQ
                0x0000000000000000       0x2e ./Src/NVIC.o
 .text.NVIC_ClearPendingIRQ
                0x0000000000000000       0x2e ./Src/NVIC.o
 .text.NVIC_GetPendingIRQ
                0x0000000000000000       0x2c ./Src/NVIC.o
 .text.NVIC_GetActive
                0x0000000000000000       0x2c ./Src/NVIC.o
 .text.NVIC_SetPriority
                0x0000000000000000       0x14 ./Src/NVIC.o
 .text.NVIC_GetPriority
                0x0000000000000000        0x4 ./Src/NVIC.o
 .text.NVIC_GenerateInterrupt
                0x0000000000000000        0xc ./Src/NVIC.o
 .text          0x0000000000000000        0x0 ./Src/RCC.o
 .data          0x0000000000000000        0x0 ./Src/RCC.o
 .bss           0x0000000000000000        0x0 ./Src/RCC.o
 .text.RCC_vDisableClock
                0x0000000000000000       0x44 ./Src/RCC.o
 .text.RCC_vEnableSecuritySystem
                0x0000000000000000       0x10 ./Src/RCC.o
 .text.RCC_vDisableSecuritySystem
                0x0000000000000000       0x10 ./Src/RCC.o
 .text          0x0000000000000000        0x0 ./Src/SPI_program.o
 .data          0x0000000000000000        0x0 ./Src/SPI_program.o
 .bss           0x0000000000000000        0x0 ./Src/SPI_program.o
 .text.SPI_voidInitHardCode
                0x0000000000000000       0x10 ./Src/SPI_program.o
 .text.MSPI1_voidInitForTFT
                0x0000000000000000       0x10 ./Src/SPI_program.o
 .text          0x0000000000000000        0x0 ./Src/STK.o
 .data          0x0000000000000000        0x0 ./Src/STK.o
 .bss           0x0000000000000000        0x0 ./Src/STK.o
 .text.STK_PeriodicCallBackMs
                0x0000000000000000       0x34 ./Src/STK.o
 .text.STK_SingleCallBackMs
                0x0000000000000000       0x34 ./Src/STK.o
 .text.STK_GetRemainingTime
                0x0000000000000000        0x8 ./Src/STK.o
 .text.STK_GetElapsedTime
                0x0000000000000000        0xc ./Src/STK.o
 .text          0x0000000000000000        0x0 ./Src/SYSCFG.o
 .data          0x0000000000000000        0x0 ./Src/SYSCFG.o
 .bss           0x0000000000000000        0x0 ./Src/SYSCFG.o
 .text.SYSCFG_vEXTILineInputSource
                0x0000000000000000       0x28 ./Src/SYSCFG.o
 .comment       0x0000000000000000       0x51 ./Src/SYSCFG.o
 .ARM.attributes
                0x0000000000000000       0x34 ./Src/SYSCFG.o
 .text          0x0000000000000000        0x0 ./Src/Switch.o
 .data          0x0000000000000000        0x0 ./Src/Switch.o
 .bss           0x0000000000000000        0x0 ./Src/Switch.o
 .text.Switch_Init
                0x0000000000000000       0x40 ./Src/Switch.o
 .text.Switch_Read
                0x0000000000000000       0x96 ./Src/Switch.o
 .comment       0x0000000000000000       0x51 ./Src/Switch.o
 .ARM.attributes
                0x0000000000000000       0x34 ./Src/Switch.o
 .text          0x0000000000000000        0x0 ./Src/Switch_Config.o
 .data          0x0000000000000000        0x0 ./Src/Switch_Config.o
 .bss           0x0000000000000000        0x0 ./Src/Switch_Config.o
 .data.Switch   0x0000000000000000        0xc ./Src/Switch_Config.o
 .data.Switch_u8SwitchNum
                0x0000000000000000        0x1 ./Src/Switch_Config.o
 .comment       0x0000000000000000       0x51 ./Src/Switch_Config.o
 .ARM.attributes
                0x0000000000000000       0x34 ./Src/Switch_Config.o
 .text          0x0000000000000000        0x0 ./Src/TFT_program.o
 .data          0x0000000000000000        0x0 ./Src/TFT_program.o
 .bss           0x0000000000000000        0x0 ./Src/TFT_program.o
 .text.TFT_vLedOn
                0x0000000000000000       0x54 ./Src/TFT_program.o
 .text.TFT_vLedOff
                0x0000000000000000       0x54 ./Src/TFT_program.o
 .text.TFT_vAcOn
                0x0000000000000000       0x1a ./Src/TFT_program.o
 .text.TFT_vAcOff
                0x0000000000000000       0x18 ./Src/TFT_program.o
 .text.HTFT_vDeletePassword
                0x0000000000000000       0x10 ./Src/TFT_program.o
 .text.TFT_vDrawRectangle
                0x0000000000000000       0x5c ./Src/TFT_program.o
 .text          0x0000000000000000        0x0 ./Src/TIM.o
 .data          0x0000000000000000        0x0 ./Src/TIM.o
 .bss           0x0000000000000000        0x0 ./Src/TIM.o
 .text.TIM1_Init
                0x0000000000000000       0x38 ./Src/TIM.o
 .text.TIM2_Init
                0x0000000000000000       0x1c ./Src/TIM.o
 .text.TIM3_Init
                0x0000000000000000        0x2 ./Src/TIM.o
 .comment       0x0000000000000000       0x51 ./Src/TIM.o
 .ARM.attributes
                0x0000000000000000       0x34 ./Src/TIM.o
 .text          0x0000000000000000        0x0 ./Src/UART.o
 .data          0x0000000000000000        0x0 ./Src/UART.o
 .bss           0x0000000000000000        0x0 ./Src/UART.o
 .text.UART6_vSendReceive
                0x0000000000000000       0x1c ./Src/UART.o
 .text.UART6_vReceive
                0x0000000000000000       0x14 ./Src/UART.o
 .text          0x0000000000000000        0x0 ./Src/main.o
 .data          0x0000000000000000        0x0 ./Src/main.o
 .bss           0x0000000000000000        0x0 ./Src/main.o
 .text          0x0000000000000000        0x0 ./Src/syscalls.o
 .data          0x0000000000000000        0x0 ./Src/syscalls.o
 .bss           0x0000000000000000        0x0 ./Src/syscalls.o
 .text.initialise_monitor_handles
                0x0000000000000000        0x2 ./Src/syscalls.o
 .text._getpid  0x0000000000000000        0x4 ./Src/syscalls.o
 .text._kill    0x0000000000000000       0x10 ./Src/syscalls.o
 .text._exit    0x0000000000000000        0xc ./Src/syscalls.o
 .text._read    0x0000000000000000       0x1c ./Src/syscalls.o
 .text._write   0x0000000000000000       0x1c ./Src/syscalls.o
 .text._close   0x0000000000000000        0x6 ./Src/syscalls.o
 .text._fstat   0x0000000000000000        0xa ./Src/syscalls.o
 .text._isatty  0x0000000000000000        0x4 ./Src/syscalls.o
 .text._lseek   0x0000000000000000        0x4 ./Src/syscalls.o
 .text._open    0x0000000000000000        0xa ./Src/syscalls.o
 .text._wait    0x0000000000000000       0x10 ./Src/syscalls.o
 .text._unlink  0x0000000000000000       0x10 ./Src/syscalls.o
 .text._times   0x0000000000000000        0x6 ./Src/syscalls.o
 .text._stat    0x0000000000000000        0xa ./Src/syscalls.o
 .text._link    0x0000000000000000       0x10 ./Src/syscalls.o
 .text._fork    0x0000000000000000       0x10 ./Src/syscalls.o
 .text._execve  0x0000000000000000       0x10 ./Src/syscalls.o
 .bss.__env     0x0000000000000000        0x4 ./Src/syscalls.o
 .data.environ  0x0000000000000000        0x4 ./Src/syscalls.o
 .comment       0x0000000000000000       0x51 ./Src/syscalls.o
 .ARM.attributes
                0x0000000000000000       0x34 ./Src/syscalls.o
 .text          0x0000000000000000        0x0 ./Src/sysmem.o
 .data          0x0000000000000000        0x0 ./Src/sysmem.o
 .bss           0x0000000000000000        0x0 ./Src/sysmem.o
 .text._sbrk    0x0000000000000000       0x40 ./Src/sysmem.o
 .bss.__sbrk_heap_end
                0x0000000000000000        0x4 ./Src/sysmem.o
 .comment       0x0000000000000000       0x51 ./Src/sysmem.o
 .ARM.attributes
                0x0000000000000000       0x34 ./Src/sysmem.o
 .text          0x0000000000000000       0x14 ./Startup/startup_stm32f401vetx.o
 .data          0x0000000000000000        0x0 ./Startup/startup_stm32f401vetx.o
 .bss           0x0000000000000000        0x0 ./Startup/startup_stm32f401vetx.o
 .text          0x0000000000000000        0x0 c:/st/stm32cubeide_1.9.0/stm32cubeide/plugins/com.st.stm32cube.ide.mcu.externaltools.gnu-tools-for-stm32.10.3-2021.10.win32_1.0.0.202111181127/tools/bin/../lib/gcc/arm-none-eabi/10.3.1/../../../../arm-none-eabi/lib/thumb/v7e-m+fp/hard\libc_nano.a(lib_a-errno.o)
 .data          0x0000000000000000        0x0 c:/st/stm32cubeide_1.9.0/stm32cubeide/plugins/com.st.stm32cube.ide.mcu.externaltools.gnu-tools-for-stm32.10.3-2021.10.win32_1.0.0.202111181127/tools/bin/../lib/gcc/arm-none-eabi/10.3.1/../../../../arm-none-eabi/lib/thumb/v7e-m+fp/hard\libc_nano.a(lib_a-errno.o)
 .bss           0x0000000000000000        0x0 c:/st/stm32cubeide_1.9.0/stm32cubeide/plugins/com.st.stm32cube.ide.mcu.externaltools.gnu-tools-for-stm32.10.3-2021.10.win32_1.0.0.202111181127/tools/bin/../lib/gcc/arm-none-eabi/10.3.1/../../../../arm-none-eabi/lib/thumb/v7e-m+fp/hard\libc_nano.a(lib_a-errno.o)
 .text.__errno  0x0000000000000000        0xc c:/st/stm32cubeide_1.9.0/stm32cubeide/plugins/com.st.stm32cube.ide.mcu.externaltools.gnu-tools-for-stm32.10.3-2021.10.win32_1.0.0.202111181127/tools/bin/../lib/gcc/arm-none-eabi/10.3.1/../../../../arm-none-eabi/lib/thumb/v7e-m+fp/hard\libc_nano.a(lib_a-errno.o)
 .debug_frame   0x0000000000000000       0x20 c:/st/stm32cubeide_1.9.0/stm32cubeide/plugins/com.st.stm32cube.ide.mcu.externaltools.gnu-tools-for-stm32.10.3-2021.10.win32_1.0.0.202111181127/tools/bin/../lib/gcc/arm-none-eabi/10.3.1/../../../../arm-none-eabi/lib/thumb/v7e-m+fp/hard\libc_nano.a(lib_a-errno.o)
 .ARM.attributes
                0x0000000000000000       0x34 c:/st/stm32cubeide_1.9.0/stm32cubeide/plugins/com.st.stm32cube.ide.mcu.externaltools.gnu-tools-for-stm32.10.3-2021.10.win32_1.0.0.202111181127/tools/bin/../lib/gcc/arm-none-eabi/10.3.1/../../../../arm-none-eabi/lib/thumb/v7e-m+fp/hard\libc_nano.a(lib_a-errno.o)
 .text          0x0000000000000000        0x0 c:/st/stm32cubeide_1.9.0/stm32cubeide/plugins/com.st.stm32cube.ide.mcu.externaltools.gnu-tools-for-stm32.10.3-2021.10.win32_1.0.0.202111181127/tools/bin/../lib/gcc/arm-none-eabi/10.3.1/../../../../arm-none-eabi/lib/thumb/v7e-m+fp/hard\libc_nano.a(lib_a-exit.o)
 .data          0x0000000000000000        0x0 c:/st/stm32cubeide_1.9.0/stm32cubeide/plugins/com.st.stm32cube.ide.mcu.externaltools.gnu-tools-for-stm32.10.3-2021.10.win32_1.0.0.202111181127/tools/bin/../lib/gcc/arm-none-eabi/10.3.1/../../../../arm-none-eabi/lib/thumb/v7e-m+fp/hard\libc_nano.a(lib_a-exit.o)
 .bss           0x0000000000000000        0x0 c:/st/stm32cubeide_1.9.0/stm32cubeide/plugins/com.st.stm32cube.ide.mcu.externaltools.gnu-tools-for-stm32.10.3-2021.10.win32_1.0.0.202111181127/tools/bin/../lib/gcc/arm-none-eabi/10.3.1/../../../../arm-none-eabi/lib/thumb/v7e-m+fp/hard\libc_nano.a(lib_a-exit.o)
 .text.exit     0x0000000000000000       0x28 c:/st/stm32cubeide_1.9.0/stm32cubeide/plugins/com.st.stm32cube.ide.mcu.externaltools.gnu-tools-for-stm32.10.3-2021.10.win32_1.0.0.202111181127/tools/bin/../lib/gcc/arm-none-eabi/10.3.1/../../../../arm-none-eabi/lib/thumb/v7e-m+fp/hard\libc_nano.a(lib_a-exit.o)
 .debug_frame   0x0000000000000000       0x28 c:/st/stm32cubeide_1.9.0/stm32cubeide/plugins/com.st.stm32cube.ide.mcu.externaltools.gnu-tools-for-stm32.10.3-2021.10.win32_1.0.0.202111181127/tools/bin/../lib/gcc/arm-none-eabi/10.3.1/../../../../arm-none-eabi/lib/thumb/v7e-m+fp/hard\libc_nano.a(lib_a-exit.o)
 .ARM.attributes
                0x0000000000000000       0x34 c:/st/stm32cubeide_1.9.0/stm32cubeide/plugins/com.st.stm32cube.ide.mcu.externaltools.gnu-tools-for-stm32.10.3-2021.10.win32_1.0.0.202111181127/tools/bin/../lib/gcc/arm-none-eabi/10.3.1/../../../../arm-none-eabi/lib/thumb/v7e-m+fp/hard\libc_nano.a(lib_a-exit.o)
 .text          0x0000000000000000        0x0 c:/st/stm32cubeide_1.9.0/stm32cubeide/plugins/com.st.stm32cube.ide.mcu.externaltools.gnu-tools-for-stm32.10.3-2021.10.win32_1.0.0.202111181127/tools/bin/../lib/gcc/arm-none-eabi/10.3.1/../../../../arm-none-eabi/lib/thumb/v7e-m+fp/hard\libc_nano.a(lib_a-impure.o)
 .data          0x0000000000000000        0x0 c:/st/stm32cubeide_1.9.0/stm32cubeide/plugins/com.st.stm32cube.ide.mcu.externaltools.gnu-tools-for-stm32.10.3-2021.10.win32_1.0.0.202111181127/tools/bin/../lib/gcc/arm-none-eabi/10.3.1/../../../../arm-none-eabi/lib/thumb/v7e-m+fp/hard\libc_nano.a(lib_a-impure.o)
 .bss           0x0000000000000000        0x0 c:/st/stm32cubeide_1.9.0/stm32cubeide/plugins/com.st.stm32cube.ide.mcu.externaltools.gnu-tools-for-stm32.10.3-2021.10.win32_1.0.0.202111181127/tools/bin/../lib/gcc/arm-none-eabi/10.3.1/../../../../arm-none-eabi/lib/thumb/v7e-m+fp/hard\libc_nano.a(lib_a-impure.o)
 .data._impure_ptr
                0x0000000000000000        0x4 c:/st/stm32cubeide_1.9.0/stm32cubeide/plugins/com.st.stm32cube.ide.mcu.externaltools.gnu-tools-for-stm32.10.3-2021.10.win32_1.0.0.202111181127/tools/bin/../lib/gcc/arm-none-eabi/10.3.1/../../../../arm-none-eabi/lib/thumb/v7e-m+fp/hard\libc_nano.a(lib_a-impure.o)
 .data.impure_data
                0x0000000000000000       0x60 c:/st/stm32cubeide_1.9.0/stm32cubeide/plugins/com.st.stm32cube.ide.mcu.externaltools.gnu-tools-for-stm32.10.3-2021.10.win32_1.0.0.202111181127/tools/bin/../lib/gcc/arm-none-eabi/10.3.1/../../../../arm-none-eabi/lib/thumb/v7e-m+fp/hard\libc_nano.a(lib_a-impure.o)
 .rodata._global_impure_ptr
                0x0000000000000000        0x4 c:/st/stm32cubeide_1.9.0/stm32cubeide/plugins/com.st.stm32cube.ide.mcu.externaltools.gnu-tools-for-stm32.10.3-2021.10.win32_1.0.0.202111181127/tools/bin/../lib/gcc/arm-none-eabi/10.3.1/../../../../arm-none-eabi/lib/thumb/v7e-m+fp/hard\libc_nano.a(lib_a-impure.o)
 .ARM.attributes
                0x0000000000000000       0x34 c:/st/stm32cubeide_1.9.0/stm32cubeide/plugins/com.st.stm32cube.ide.mcu.externaltools.gnu-tools-for-stm32.10.3-2021.10.win32_1.0.0.202111181127/tools/bin/../lib/gcc/arm-none-eabi/10.3.1/../../../../arm-none-eabi/lib/thumb/v7e-m+fp/hard\libc_nano.a(lib_a-impure.o)
 .text          0x0000000000000000        0x0 c:/st/stm32cubeide_1.9.0/stm32cubeide/plugins/com.st.stm32cube.ide.mcu.externaltools.gnu-tools-for-stm32.10.3-2021.10.win32_1.0.0.202111181127/tools/bin/../lib/gcc/arm-none-eabi/10.3.1/../../../../arm-none-eabi/lib/thumb/v7e-m+fp/hard\libc_nano.a(lib_a-init.o)
 .data          0x0000000000000000        0x0 c:/st/stm32cubeide_1.9.0/stm32cubeide/plugins/com.st.stm32cube.ide.mcu.externaltools.gnu-tools-for-stm32.10.3-2021.10.win32_1.0.0.202111181127/tools/bin/../lib/gcc/arm-none-eabi/10.3.1/../../../../arm-none-eabi/lib/thumb/v7e-m+fp/hard\libc_nano.a(lib_a-init.o)
 .bss           0x0000000000000000        0x0 c:/st/stm32cubeide_1.9.0/stm32cubeide/plugins/com.st.stm32cube.ide.mcu.externaltools.gnu-tools-for-stm32.10.3-2021.10.win32_1.0.0.202111181127/tools/bin/../lib/gcc/arm-none-eabi/10.3.1/../../../../arm-none-eabi/lib/thumb/v7e-m+fp/hard\libc_nano.a(lib_a-init.o)
 .text          0x0000000000000000        0x0 c:/st/stm32cubeide_1.9.0/stm32cubeide/plugins/com.st.stm32cube.ide.mcu.externaltools.gnu-tools-for-stm32.10.3-2021.10.win32_1.0.0.202111181127/tools/bin/../lib/gcc/arm-none-eabi/10.3.1/../../../../arm-none-eabi/lib/thumb/v7e-m+fp/hard\libc_nano.a(lib_a-memset.o)
 .data          0x0000000000000000        0x0 c:/st/stm32cubeide_1.9.0/stm32cubeide/plugins/com.st.stm32cube.ide.mcu.externaltools.gnu-tools-for-stm32.10.3-2021.10.win32_1.0.0.202111181127/tools/bin/../lib/gcc/arm-none-eabi/10.3.1/../../../../arm-none-eabi/lib/thumb/v7e-m+fp/hard\libc_nano.a(lib_a-memset.o)
 .bss           0x0000000000000000        0x0 c:/st/stm32cubeide_1.9.0/stm32cubeide/plugins/com.st.stm32cube.ide.mcu.externaltools.gnu-tools-for-stm32.10.3-2021.10.win32_1.0.0.202111181127/tools/bin/../lib/gcc/arm-none-eabi/10.3.1/../../../../arm-none-eabi/lib/thumb/v7e-m+fp/hard\libc_nano.a(lib_a-memset.o)
 .text.memset   0x0000000000000000       0x10 c:/st/stm32cubeide_1.9.0/stm32cubeide/plugins/com.st.stm32cube.ide.mcu.externaltools.gnu-tools-for-stm32.10.3-2021.10.win32_1.0.0.202111181127/tools/bin/../lib/gcc/arm-none-eabi/10.3.1/../../../../arm-none-eabi/lib/thumb/v7e-m+fp/hard\libc_nano.a(lib_a-memset.o)
 .debug_frame   0x0000000000000000       0x20 c:/st/stm32cubeide_1.9.0/stm32cubeide/plugins/com.st.stm32cube.ide.mcu.externaltools.gnu-tools-for-stm32.10.3-2021.10.win32_1.0.0.202111181127/tools/bin/../lib/gcc/arm-none-eabi/10.3.1/../../../../arm-none-eabi/lib/thumb/v7e-m+fp/hard\libc_nano.a(lib_a-memset.o)
 .ARM.attributes
                0x0000000000000000       0x34 c:/st/stm32cubeide_1.9.0/stm32cubeide/plugins/com.st.stm32cube.ide.mcu.externaltools.gnu-tools-for-stm32.10.3-2021.10.win32_1.0.0.202111181127/tools/bin/../lib/gcc/arm-none-eabi/10.3.1/../../../../arm-none-eabi/lib/thumb/v7e-m+fp/hard\libc_nano.a(lib_a-memset.o)
 .text          0x0000000000000000        0x0 c:/st/stm32cubeide_1.9.0/stm32cubeide/plugins/com.st.stm32cube.ide.mcu.externaltools.gnu-tools-for-stm32.10.3-2021.10.win32_1.0.0.202111181127/tools/bin/../lib/gcc/arm-none-eabi/10.3.1/thumb/v7e-m+fp/hard/crtend.o
 .data          0x0000000000000000        0x0 c:/st/stm32cubeide_1.9.0/stm32cubeide/plugins/com.st.stm32cube.ide.mcu.externaltools.gnu-tools-for-stm32.10.3-2021.10.win32_1.0.0.202111181127/tools/bin/../lib/gcc/arm-none-eabi/10.3.1/thumb/v7e-m+fp/hard/crtend.o
 .bss           0x0000000000000000        0x0 c:/st/stm32cubeide_1.9.0/stm32cubeide/plugins/com.st.stm32cube.ide.mcu.externaltools.gnu-tools-for-stm32.10.3-2021.10.win32_1.0.0.202111181127/tools/bin/../lib/gcc/arm-none-eabi/10.3.1/thumb/v7e-m+fp/hard/crtend.o
 .rodata        0x0000000000000000       0x24 c:/st/stm32cubeide_1.9.0/stm32cubeide/plugins/com.st.stm32cube.ide.mcu.externaltools.gnu-tools-for-stm32.10.3-2021.10.win32_1.0.0.202111181127/tools/bin/../lib/gcc/arm-none-eabi/10.3.1/thumb/v7e-m+fp/hard/crtend.o
 .eh_frame      0x0000000000000000        0x4 c:/st/stm32cubeide_1.9.0/stm32cubeide/plugins/com.st.stm32cube.ide.mcu.externaltools.gnu-tools-for-stm32.10.3-2021.10.win32_1.0.0.202111181127/tools/bin/../lib/gcc/arm-none-eabi/10.3.1/thumb/v7e-m+fp/hard/crtend.o
 .ARM.attributes
                0x0000000000000000       0x34 c:/st/stm32cubeide_1.9.0/stm32cubeide/plugins/com.st.stm32cube.ide.mcu.externaltools.gnu-tools-for-stm32.10.3-2021.10.win32_1.0.0.202111181127/tools/bin/../lib/gcc/arm-none-eabi/10.3.1/thumb/v7e-m+fp/hard/crtend.o
 .text          0x0000000000000000        0x0 c:/st/stm32cubeide_1.9.0/stm32cubeide/plugins/com.st.stm32cube.ide.mcu.externaltools.gnu-tools-for-stm32.10.3-2021.10.win32_1.0.0.202111181127/tools/bin/../lib/gcc/arm-none-eabi/10.3.1/thumb/v7e-m+fp/hard/crtn.o
 .data          0x0000000000000000        0x0 c:/st/stm32cubeide_1.9.0/stm32cubeide/plugins/com.st.stm32cube.ide.mcu.externaltools.gnu-tools-for-stm32.10.3-2021.10.win32_1.0.0.202111181127/tools/bin/../lib/gcc/arm-none-eabi/10.3.1/thumb/v7e-m+fp/hard/crtn.o
 .bss           0x0000000000000000        0x0 c:/st/stm32cubeide_1.9.0/stm32cubeide/plugins/com.st.stm32cube.ide.mcu.externaltools.gnu-tools-for-stm32.10.3-2021.10.win32_1.0.0.202111181127/tools/bin/../lib/gcc/arm-none-eabi/10.3.1/thumb/v7e-m+fp/hard/crtn.o

Memory Configuration

Name             Origin             Length             Attributes
RAM              0x0000000020000000 0x0000000000018000 xrw
FLASH            0x0000000008000000 0x0000000000080000 xr
*default*        0x0000000000000000 0xffffffffffffffff

Linker script and memory map

LOAD c:/st/stm32cubeide_1.9.0/stm32cubeide/plugins/com.st.stm32cube.ide.mcu.externaltools.gnu-tools-for-stm32.10.3-2021.10.win32_1.0.0.202111181127/tools/bin/../lib/gcc/arm-none-eabi/10.3.1/thumb/v7e-m+fp/hard/crti.o
LOAD c:/st/stm32cubeide_1.9.0/stm32cubeide/plugins/com.st.stm32cube.ide.mcu.externaltools.gnu-tools-for-stm32.10.3-2021.10.win32_1.0.0.202111181127/tools/bin/../lib/gcc/arm-none-eabi/10.3.1/thumb/v7e-m+fp/hard/crtbegin.o
LOAD c:/st/stm32cubeide_1.9.0/stm32cubeide/plugins/com.st.stm32cube.ide.mcu.externaltools.gnu-tools-for-stm32.10.3-2021.10.win32_1.0.0.202111181127/tools/bin/../lib/gcc/arm-none-eabi/10.3.1/../../../../arm-none-eabi/lib/thumb/v7e-m+fp/hard/crt0.o
LOAD ./Src/AC.o
LOAD ./Src/ADC.o
LOAD ./Src/Door.o
LOAD ./Src/EXTI.o
LOAD ./Src/GPIO.o
LOAD ./Src/HC05.o
LOAD ./Src/Keypad.o
LOAD ./Src/LCD.o
LOAD ./Src/LED.o
LOAD ./Src/LED_Config.o
LOAD ./Src/NVIC.o
LOAD ./Src/RCC.o
LOAD ./Src/SPI_program.o
LOAD ./Src/STK.o
LOAD ./Src/SYSCFG.o
LOAD ./Src/Switch.o
LOAD ./Src/Switch_Config.o
LOAD ./Src/TFT_program.o
LOAD ./Src/TIM.o
LOAD ./Src/UART.o
LOAD ./Src/main.o
LOAD ./Src/syscalls.o
LOAD ./Src/sysmem.o
LOAD ./Startup/startup_stm32f401vetx.o
START GROUP
LOAD c:/st/stm32cubeide_1.9.0/stm32cubeide/plugins/com.st.stm32cube.ide.mcu.externaltools.gnu-tools-for-stm32.10.3-2021.10.win32_1.0.0.202111181127/tools/bin/../lib/gcc/arm-none-eabi/10.3.1/../../../../arm-none-eabi/lib/thumb/v7e-m+fp/hard\libc_nano.a
LOAD c:/st/stm32cubeide_1.9.0/stm32cubeide/plugins/com.st.stm32cube.ide.mcu.externaltools.gnu-tools-for-stm32.10.3-2021.10.win32_1.0.0.202111181127/tools/bin/../lib/gcc/arm-none-eabi/10.3.1/../../../../arm-none-eabi/lib/thumb/v7e-m+fp/hard\libm.a
END GROUP
START GROUP
LOAD c:/st/stm32cubeide_1.9.0/stm32cubeide/plugins/com.st.stm32cube.ide.mcu.externaltools.gnu-tools-for-stm32.10.3-2021.10.win32_1.0.0.202111181127/tools/bin/../lib/gcc/arm-none-eabi/10.3.1/thumb/v7e-m+fp/hard\libgcc.a
LOAD c:/st/stm32cubeide_1.9.0/stm32cubeide/plugins/com.st.stm32cube.ide.mcu.externaltools.gnu-tools-for-stm32.10.3-2021.10.win32_1.0.0.202111181127/tools/bin/../lib/gcc/arm-none-eabi/10.3.1/../../../../arm-none-eabi/lib/thumb/v7e-m+fp/hard\libc_nano.a
END GROUP
START GROUP
LOAD c:/st/stm32cubeide_1.9.0/stm32cubeide/plugins/com.st.stm32cube.ide.mcu.externaltools.gnu-tools-for-stm32.10.3-2021.10.win32_1.0.0.202111181127/tools/bin/../lib/gcc/arm-none-eabi/10.3.1/thumb/v7e-m+fp/hard\libgcc.a
LOAD c:/st/stm32cubeide_1.9.0/stm32cubeide/plugins/com.st.stm32cube.ide.mcu.externaltools.gnu-tools-for-stm32.10.3-2021.10.win32_1.0.0.202111181127/tools/bin/../lib/gcc/arm-none-eabi/10.3.1/../../../../arm-none-eabi/lib/thumb/v7e-m+fp/hard\libc_nano.a
LOAD c:/st/stm32cubeide_1.9.0/stm32cubeide/plugins/com.st.stm32cube.ide.mcu.externaltools.gnu-tools-for-stm32.10.3-2021.10.win32_1.0.0.202111181127/tools/bin/../lib/gcc/arm-none-eabi/10.3.1/../../../../arm-none-eabi/lib/thumb/v7e-m+fp/hard\libnosys.a
END GROUP
START GROUP
LOAD c:/st/stm32cubeide_1.9.0/stm32cubeide/plugins/com.st.stm32cube.ide.mcu.externaltools.gnu-tools-for-stm32.10.3-2021.10.win32_1.0.0.202111181127/tools/bin/../lib/gcc/arm-none-eabi/10.3.1/thumb/v7e-m+fp/hard\libgcc.a
LOAD c:/st/stm32cubeide_1.9.0/stm32cubeide/plugins/com.st.stm32cube.ide.mcu.externaltools.gnu-tools-for-stm32.10.3-2021.10.win32_1.0.0.202111181127/tools/bin/../lib/gcc/arm-none-eabi/10.3.1/../../../../arm-none-eabi/lib/thumb/v7e-m+fp/hard\libc_nano.a
LOAD c:/st/stm32cubeide_1.9.0/stm32cubeide/plugins/com.st.stm32cube.ide.mcu.externaltools.gnu-tools-for-stm32.10.3-2021.10.win32_1.0.0.202111181127/tools/bin/../lib/gcc/arm-none-eabi/10.3.1/../../../../arm-none-eabi/lib/thumb/v7e-m+fp/hard\libnosys.a
END GROUP
LOAD c:/st/stm32cubeide_1.9.0/stm32cubeide/plugins/com.st.stm32cube.ide.mcu.externaltools.gnu-tools-for-stm32.10.3-2021.10.win32_1.0.0.202111181127/tools/bin/../lib/gcc/arm-none-eabi/10.3.1/thumb/v7e-m+fp/hard/crtend.o
LOAD c:/st/stm32cubeide_1.9.0/stm32cubeide/plugins/com.st.stm32cube.ide.mcu.externaltools.gnu-tools-for-stm32.10.3-2021.10.win32_1.0.0.202111181127/tools/bin/../lib/gcc/arm-none-eabi/10.3.1/thumb/v7e-m+fp/hard/crtn.o
                0x0000000020018000                _estack = (ORIGIN (RAM) + LENGTH (RAM))
                0x0000000000000200                _Min_Heap_Size = 0x200
                0x0000000000000400                _Min_Stack_Size = 0x400

.isr_vector     0x0000000008000000      0x194
                0x0000000008000000                . = ALIGN (0x4)
 *(.isr_vector)
 .isr_vector    0x0000000008000000      0x194 ./Startup/startup_stm32f401vetx.o
                0x0000000008000000                g_pfnVectors
                0x0000000008000194                . = ALIGN (0x4)

.text           0x0000000008000194     0x171c
                0x0000000008000194                . = ALIGN (0x4)
 *(.text)
 .text          0x0000000008000194       0x40 c:/st/stm32cubeide_1.9.0/stm32cubeide/plugins/com.st.stm32cube.ide.mcu.externaltools.gnu-tools-for-stm32.10.3-2021.10.win32_1.0.0.202111181127/tools/bin/../lib/gcc/arm-none-eabi/10.3.1/thumb/v7e-m+fp/hard/crtbegin.o
 *(.text*)
 .text.AC_On    0x00000000080001d4        0xa ./Src/AC.o
                0x00000000080001d4                AC_On
 .text.AC_Off   0x00000000080001de        0xa ./Src/AC.o
                0x00000000080001de                AC_Off
 .text.AC_Init  0x00000000080001e8       0x48 ./Src/AC.o
                0x00000000080001e8                AC_Init
 .text.AC_AdjustTemperature
                0x0000000008000230        0xc ./Src/AC.o
                0x0000000008000230                AC_AdjustTemperature
 .text.ADC_Init
                0x000000000800023c       0x2c ./Src/ADC.o
                0x000000000800023c                ADC_Init
 .text.ADC_AdjustValue
                0x0000000008000268       0x28 ./Src/ADC.o
                0x0000000008000268                ADC_AdjustValue
 .text.ADC_Start
                0x0000000008000290       0x18 ./Src/ADC.o
                0x0000000008000290                ADC_Start
 .text.ADC_IRQHandler
                0x00000000080002a8       0x60 ./Src/ADC.o
                0x00000000080002a8                ADC_IRQHandler
 .text.pwm      0x0000000008000308       0x28 ./Src/Door.o
                0x0000000008000308                pwm
 .text.Door_Init
                0x0000000008000330        0xa ./Src/Door.o
                0x0000000008000330                Door_Init
 *fill*         0x000000000800033a        0x2 
 .text.Door_Control
                0x000000000800033c       0x10 ./Src/Door.o
                0x000000000800033c                Door_Control
 .text.EXTI0_IRQHandler
                0x000000000800034c       0x24 ./Src/EXTI.o
                0x000000000800034c                EXTI0_IRQHandler
 .text.EXTI1_IRQHandler
                0x0000000008000370       0x24 ./Src/EXTI.o
                0x0000000008000370                EXTI1_IRQHandler
 .text.GPIO_vSetMode
                0x0000000008000394       0x60 ./Src/GPIO.o
                0x0000000008000394                GPIO_vSetMode
 .text.GPIO_vSetPullUpPullDown
                0x00000000080003f4       0x58 ./Src/GPIO.o
                0x00000000080003f4                GPIO_vSetPullUpPullDown
 .text.GPIO_vSetAlternateFunction
                0x000000000800044c       0x5e ./Src/GPIO.o
                0x000000000800044c                GPIO_vSetAlternateFunction
 *fill*         0x00000000080004aa        0x2 
 .text.GPIO_vWritePinValue
                0x00000000080004ac       0x68 ./Src/GPIO.o
                0x00000000080004ac                GPIO_vWritePinValue
 .text.GPIO_vGetPinValue
                0x0000000008000514       0x58 ./Src/GPIO.o
                0x0000000008000514                GPIO_vGetPinValue
 .text.GPIO_vTogglePinValue
                0x000000000800056c       0x54 ./Src/GPIO.o
                0x000000000800056c                GPIO_vTogglePinValue
 .text.HC05_Init
                0x00000000080005c0       0x4c ./Src/HC05.o
                0x00000000080005c0                HC05_Init
 .text.HC05_SetInputReading
                0x000000000800060c        0xc ./Src/HC05.o
                0x000000000800060c                HC05_SetInputReading
 .text.KEYPAD_enuInit
                0x0000000008000618       0xa6 ./Src/Keypad.o
                0x0000000008000618                KEYPAD_enuInit
 *fill*         0x00000000080006be        0x2 
 .text.Keypad_GetPressedKey
                0x00000000080006c0       0xe4 ./Src/Keypad.o
                0x00000000080006c0                Keypad_GetPressedKey
 .text.LCD_enuLatch
                0x00000000080007a4       0xba ./Src/LCD.o
 .text.LCD_enuInit
                0x000000000800085e       0xce ./Src/LCD.o
                0x000000000800085e                LCD_enuInit
 .text.LCD_enuWriteCommand
                0x000000000800092c       0x2c ./Src/LCD.o
                0x000000000800092c                LCD_enuWriteCommand
 .text.LCD_enuWriteData
                0x0000000008000958       0x2c ./Src/LCD.o
                0x0000000008000958                LCD_enuWriteData
 .text.LCD_enuWriteString
                0x0000000008000984       0x1c ./Src/LCD.o
                0x0000000008000984                LCD_enuWriteString
 .text.LCD_enuWriteIntegerNum
                0x00000000080009a0       0x54 ./Src/LCD.o
                0x00000000080009a0                LCD_enuWriteIntegerNum
 .text.LCD_enuGoToPosition
                0x00000000080009f4       0x24 ./Src/LCD.o
                0x00000000080009f4                LCD_enuGoToPosition
 .text.NVIC_EnableIRQ
                0x0000000008000a18       0x2c ./Src/NVIC.o
                0x0000000008000a18                NVIC_EnableIRQ
 .text.RCC_vInitSystemCLK
                0x0000000008000a44       0x28 ./Src/RCC.o
                0x0000000008000a44                RCC_vInitSystemCLK
 .text.RCC_vEnableClock
                0x0000000008000a6c       0x40 ./Src/RCC.o
                0x0000000008000a6c                RCC_vEnableClock
 .text.MSPI_VidInit
                0x0000000008000aac       0x50 ./Src/SPI_program.o
                0x0000000008000aac                MSPI_VidInit
 .text.MSPI1_voidSendReceiveSynch
                0x0000000008000afc       0x14 ./Src/SPI_program.o
                0x0000000008000afc                MSPI1_voidSendReceiveSynch
 .text.STK_Init
                0x0000000008000b10       0x38 ./Src/STK.o
                0x0000000008000b10                STK_Init
 .text.STK_Stop
                0x0000000008000b48       0x1c ./Src/STK.o
                0x0000000008000b48                STK_Stop
 .text.STK_DelayMs
                0x0000000008000b64       0x30 ./Src/STK.o
                0x0000000008000b64                STK_DelayMs
 .text.STK_DelayUs
                0x0000000008000b94       0x38 ./Src/STK.o
                0x0000000008000b94                STK_DelayUs
 .text.STK_PWM  0x0000000008000bcc       0x58 ./Src/STK.o
                0x0000000008000bcc                STK_PWM
 .text.SysTick_Handler
                0x0000000008000c24       0x80 ./Src/STK.o
                0x0000000008000c24                SysTick_Handler
 .text.voidWriteData
                0x0000000008000ca4       0x1c ./Src/TFT_program.o
 .text.voidWriteCommand
                0x0000000008000cc0       0x1c ./Src/TFT_program.o
 .text.TFT_vSetCursorPosition
                0x0000000008000cdc       0x4a ./Src/TFT_program.o
 .text.TFT_vDrawRectangular
                0x0000000008000d26       0x38 ./Src/TFT_program.o
 .text.TFT_vDrawPixel
                0x0000000008000d5e       0x22 ./Src/TFT_program.o
 .text.TFT_vDrawHLine
                0x0000000008000d80       0x28 ./Src/TFT_program.o
 .text.TFT_vDrawStar.constprop.0
                0x0000000008000da8       0x66 ./Src/TFT_program.o
 *fill*         0x0000000008000e0e        0x2 
 .text.TFT_voidInit
                0x0000000008000e10       0xb0 ./Src/TFT_program.o
                0x0000000008000e10                TFT_voidInit
 .text.TFT_vDrawPic
                0x0000000008000ec0       0x3a ./Src/TFT_program.o
                0x0000000008000ec0                TFT_vDrawPic
 *fill*         0x0000000008000efa        0x2 
 .text.HTFT_vDrawKeyPad
                0x0000000008000efc       0x1c ./Src/TFT_program.o
 .text.TFT_vClearScreen
                0x0000000008000f18       0x1c ./Src/TFT_program.o
                0x0000000008000f18                TFT_vClearScreen
 .text.TFT_vToggle
                0x0000000008000f34       0x8c ./Src/TFT_program.o
                0x0000000008000f34                TFT_vToggle
 .text.TFT_vDoorOpened
                0x0000000008000fc0       0x1c ./Src/TFT_program.o
                0x0000000008000fc0                TFT_vDoorOpened
 .text.TFT_vDoorClosed
                0x0000000008000fdc       0x1c ./Src/TFT_program.o
                0x0000000008000fdc                TFT_vDoorClosed
 .text.TFT_vDrawAirConditioner
                0x0000000008000ff8       0x1c ./Src/TFT_program.o
                0x0000000008000ff8                TFT_vDrawAirConditioner
 .text.TFT_vDrawAcButton
                0x0000000008001014       0x4a ./Src/TFT_program.o
                0x0000000008001014                TFT_vDrawAcButton
 *fill*         0x000000000800105e        0x2 
 .text.TFT_vControlDimmerLed
                0x0000000008001060       0x74 ./Src/TFT_program.o
                0x0000000008001060                TFT_vControlDimmerLed
 .text.TFT_vUserPanel
                0x00000000080010d4       0x88 ./Src/TFT_program.o
                0x00000000080010d4                TFT_vUserPanel
 .text.TFT_vDrawPassword
                0x000000000800115c        0xe ./Src/TFT_program.o
                0x000000000800115c                TFT_vDrawPassword
 *fill*         0x000000000800116a        0x2 
 .text.TFT_vPasswordPanel
                0x000000000800116c       0x24 ./Src/TFT_program.o
                0x000000000800116c                TFT_vPasswordPanel
 .text.TFT_vChangePasswordPanel
                0x0000000008001190       0x38 ./Src/TFT_program.o
                0x0000000008001190                TFT_vChangePasswordPanel
 .text.TFT_vPolicePanel
                0x00000000080011c8       0x20 ./Src/TFT_program.o
                0x00000000080011c8                TFT_vPolicePanel
 .text.TFT_vDrawPicturesPixels
                0x00000000080011e8       0x44 ./Src/TFT_program.o
                0x00000000080011e8                TFT_vDrawPicturesPixels
 .text.TFT_vNumberAtPosition
                0x000000000800122c       0xb4 ./Src/TFT_program.o
 .text.TFT_vDrawTempValue
                0x00000000080012e0       0x6c ./Src/TFT_program.o
                0x00000000080012e0                TFT_vDrawTempValue
 .text.TFT_vTrialLeft
                0x000000000800134c       0x28 ./Src/TFT_program.o
                0x000000000800134c                TFT_vTrialLeft
 .text.UART6_vInit
                0x0000000008001374       0x2c ./Src/UART.o
                0x0000000008001374                UART6_vInit
 .text.UART6_Callback
                0x00000000080013a0        0xc ./Src/UART.o
                0x00000000080013a0                UART6_Callback
 .text.USART6_IRQHandler
                0x00000000080013ac       0x1c ./Src/UART.o
                0x00000000080013ac                USART6_IRQHandler
 .text.strEqual
                0x00000000080013c8       0x2c ./Src/main.o
                0x00000000080013c8                strEqual
 .text.BeebSound
                0x00000000080013f4       0x20 ./Src/main.o
                0x00000000080013f4                BeebSound
 .text.WelcomeTap
                0x0000000008001414      0x1a0 ./Src/main.o
                0x0000000008001414                WelcomeTap
 .text.Buzzer_TOG
                0x00000000080015b4       0x14 ./Src/main.o
                0x00000000080015b4                Buzzer_TOG
 .text.WrongTap
                0x00000000080015c8       0x68 ./Src/main.o
                0x00000000080015c8                WrongTap
 .text.PasswordTap
                0x0000000008001630       0xc0 ./Src/main.o
                0x0000000008001630                PasswordTap
 .text.startup.main
                0x00000000080016f0      0x10c ./Src/main.o
                0x00000000080016f0                main
 .text.Reset_Handler
                0x00000000080017fc       0x50 ./Startup/startup_stm32f401vetx.o
                0x00000000080017fc                Reset_Handler
 .text.Default_Handler
                0x000000000800184c        0x2 ./Startup/startup_stm32f401vetx.o
                0x000000000800184c                EXTI2_IRQHandler
                0x000000000800184c                DebugMon_Handler
                0x000000000800184c                SPI4_IRQHandler
                0x000000000800184c                TIM1_CC_IRQHandler
                0x000000000800184c                HardFault_Handler
                0x000000000800184c                SDIO_IRQHandler
                0x000000000800184c                TAMP_STAMP_IRQHandler
                0x000000000800184c                PendSV_Handler
                0x000000000800184c                NMI_Handler
                0x000000000800184c                EXTI3_IRQHandler
                0x000000000800184c                TIM1_UP_TIM10_IRQHandler
                0x000000000800184c                I2C3_ER_IRQHandler
                0x000000000800184c                EXTI18_OTG_FS_WKUP_IRQHandler
                0x000000000800184c                I2C2_EV_IRQHandler
                0x000000000800184c                FPU_IRQHandler
                0x000000000800184c                UsageFault_Handler
                0x000000000800184c                SPI1_IRQHandler
                0x000000000800184c                TIM1_BRK_TIM9_IRQHandler
                0x000000000800184c                TIM4_IRQHandler
                0x000000000800184c                I2C1_EV_IRQHandler
                0x000000000800184c                TIM3_IRQHandler
                0x000000000800184c                RCC_IRQHandler
                0x000000000800184c                Default_Handler
                0x000000000800184c                EXTI15_10_IRQHandler
                0x000000000800184c                TIM5_IRQHandler
                0x000000000800184c                I2C3_EV_IRQHandler
                0x000000000800184c                EXTI9_5_IRQHandler
                0x000000000800184c                SPI2_IRQHandler
                0x000000000800184c                MemManage_Handler
                0x000000000800184c                SVC_Handler
                0x000000000800184c                EXTI4_IRQHandler
                0x000000000800184c                EXTI22_RTC_WKUP_IRQHandler
                0x000000000800184c                TIM2_IRQHandler
                0x000000000800184c                EXTI16_PVD_IRQHandler
                0x000000000800184c                TIM1_TRG_COM_TIM11_IRQHandler
                0x000000000800184c                EXTI17_RTC_Alarm_IRQHandler
                0x000000000800184c                USART2_IRQHandler
                0x000000000800184c                I2C2_ER_IRQHandler
                0x000000000800184c                FLASH_IRQHandler
                0x000000000800184c                BusFault_Handler
                0x000000000800184c                USART1_IRQHandler
                0x000000000800184c                OTG_FS_IRQHandler
                0x000000000800184c                SPI3_IRQHandler
                0x000000000800184c                I2C1_ER_IRQHandler
 *fill*         0x000000000800184e        0x2 
 .text.__libc_init_array
                0x0000000008001850       0x48 c:/st/stm32cubeide_1.9.0/stm32cubeide/plugins/com.st.stm32cube.ide.mcu.externaltools.gnu-tools-for-stm32.10.3-2021.10.win32_1.0.0.202111181127/tools/bin/../lib/gcc/arm-none-eabi/10.3.1/../../../../arm-none-eabi/lib/thumb/v7e-m+fp/hard\libc_nano.a(lib_a-init.o)
                0x0000000008001850                __libc_init_array
 *(.glue_7)
 .glue_7        0x0000000008001898        0x0 linker stubs
 *(.glue_7t)
 .glue_7t       0x0000000008001898        0x0 linker stubs
 *(.eh_frame)
 .eh_frame      0x0000000008001898        0x0 c:/st/stm32cubeide_1.9.0/stm32cubeide/plugins/com.st.stm32cube.ide.mcu.externaltools.gnu-tools-for-stm32.10.3-2021.10.win32_1.0.0.202111181127/tools/bin/../lib/gcc/arm-none-eabi/10.3.1/thumb/v7e-m+fp/hard/crtbegin.o
 *(.init)
 .init          0x0000000008001898        0x4 c:/st/stm32cubeide_1.9.0/stm32cubeide/plugins/com.st.stm32cube.ide.mcu.externaltools.gnu-tools-for-stm32.10.3-2021.10.win32_1.0.0.202111181127/tools/bin/../lib/gcc/arm-none-eabi/10.3.1/thumb/v7e-m+fp/hard/crti.o
                0x0000000008001898                _init
 .init          0x000000000800189c        0x8 c:/st/stm32cubeide_1.9.0/stm32cubeide/plugins/com.st.stm32cube.ide.mcu.externaltools.gnu-tools-for-stm32.10.3-2021.10.win32_1.0.0.202111181127/tools/bin/../lib/gcc/arm-none-eabi/10.3.1/thumb/v7e-m+fp/hard/crtn.o
 *(.fini)
 .fini          0x00000000080018a4        0x4 c:/st/stm32cubeide_1.9.0/stm32cubeide/plugins/com.st.stm32cube.ide.mcu.externaltools.gnu-tools-for-stm32.10.3-2021.10.win32_1.0.0.202111181127/tools/bin/../lib/gcc/arm-none-eabi/10.3.1/thumb/v7e-m+fp/hard/crti.o
                0x00000000080018a4                _fini
 .fini          0x00000000080018a8        0x8 c:/st/stm32cubeide_1.9.0/stm32cubeide/plugins/com.st.stm32cube.ide.mcu.externaltools.gnu-tools-for-stm32.10.3-2021.10.win32_1.0.0.202111181127/tools/bin/../lib/gcc/arm-none-eabi/10.3.1/thumb/v7e-m+fp/hard/crtn.o
                0x00000000080018b0                . = ALIGN (0x4)
                0x00000000080018b0                _etext = .

.vfp11_veneer   0x00000000080018b0        0x0
 .vfp11_veneer  0x00000000080018b0        0x0 linker stubs

.v4_bx          0x00000000080018b0        0x0
 .v4_bx         0x00000000080018b0        0x0 linker stubs

.iplt           0x00000000080018b0        0x0
 .iplt          0x00000000080018b0        0x0 c:/st/stm32cubeide_1.9.0/stm32cubeide/plugins/com.st.stm32cube.ide.mcu.externaltools.gnu-tools-for-stm32.10.3-2021.10.win32_1.0.0.202111181127/tools/bin/../lib/gcc/arm-none-eabi/10.3.1/thumb/v7e-m+fp/hard/crtbegin.o

.rodata         0x00000000080018b0    0x2a344
                0x00000000080018b0                . = ALIGN (0x4)
 *(.rodata)
 .rodata        0x00000000080018b0       0x10 ./Src/Keypad.o
 *(.rodata*)
 .rodata.WelcomeTap.str1.1
                0x00000000080018c0       0x1b ./Src/main.o
 .rodata.WrongTap.str1.1
                0x00000000080018db       0x28 ./Src/main.o
 .rodata.PasswordTap.str1.1
                0x0000000008001903       0x10 ./Src/main.o
 *fill*         0x0000000008001913        0x1 
 .rodata.AirConditioner
                0x0000000008001914     0x1db0 ./Src/main.o
                0x0000000008001914                AirConditioner
 .rodata.ChangePAsswordPic
                0x00000000080036c4     0x1440 ./Src/main.o
                0x00000000080036c4                ChangePAsswordPic
 .rodata.Dimmer_Led
                0x0000000008004b04      0x9b0 ./Src/main.o
                0x0000000008004b04                Dimmer_Led
 .rodata.DoorClosed
                0x00000000080054b4     0x3b2e ./Src/main.o
                0x00000000080054b4                DoorClosed
 .rodata.DoorOpened
                0x0000000008008fe2     0x3b2e ./Src/main.o
                0x0000000008008fe2                DoorOpened
 .rodata.KeyPadPic
                0x000000000800cb10     0x34e0 ./Src/main.o
                0x000000000800cb10                KeyPadPic
 .rodata.NewPassword
                0x000000000800fff0     0x2e52 ./Src/main.o
                0x000000000800fff0                NewPassword
 .rodata.Num1   0x0000000008012e42       0xc8 ./Src/main.o
                0x0000000008012e42                Num1
 .rodata.Num2   0x0000000008012f0a       0xc8 ./Src/main.o
                0x0000000008012f0a                Num2
 .rodata.Num3   0x0000000008012fd2       0xc8 ./Src/main.o
                0x0000000008012fd2                Num3
 .rodata.Num4   0x000000000801309a       0xc8 ./Src/main.o
                0x000000000801309a                Num4
 .rodata.Num5   0x0000000008013162       0xc8 ./Src/main.o
                0x0000000008013162                Num5
 .rodata.Num6   0x000000000801322a       0xc8 ./Src/main.o
                0x000000000801322a                Num6
 .rodata.Num7   0x00000000080132f2       0xc8 ./Src/main.o
                0x00000000080132f2                Num7
 .rodata.Num8   0x00000000080133ba       0xc8 ./Src/main.o
                0x00000000080133ba                Num8
 .rodata.Num9   0x0000000008013482       0xc8 ./Src/main.o
                0x0000000008013482                Num9
 .rodata.PassScreen
                0x000000000801354a     0x26d4 ./Src/main.o
                0x000000000801354a                PassScreen
 .rodata.Police
                0x0000000008015c1e    0x151f8 ./Src/main.o
                0x0000000008015c1e                Police
 .rodata.TrialsLeftPic
                0x000000000802ae16      0xdde ./Src/main.o
                0x000000000802ae16                TrialsLeftPic
                0x000000000802bbf4                . = ALIGN (0x4)

.rel.dyn        0x000000000802bbf4        0x0
 .rel.iplt      0x000000000802bbf4        0x0 c:/st/stm32cubeide_1.9.0/stm32cubeide/plugins/com.st.stm32cube.ide.mcu.externaltools.gnu-tools-for-stm32.10.3-2021.10.win32_1.0.0.202111181127/tools/bin/../lib/gcc/arm-none-eabi/10.3.1/thumb/v7e-m+fp/hard/crtbegin.o

.ARM.extab      0x000000000802bbf4        0x0
                0x000000000802bbf4                . = ALIGN (0x4)
 *(.ARM.extab* .gnu.linkonce.armextab.*)
                0x000000000802bbf4                . = ALIGN (0x4)

.ARM            0x000000000802bbf4        0x0
                0x000000000802bbf4                . = ALIGN (0x4)
                0x000000000802bbf4                __exidx_start = .
 *(.ARM.exidx*)
                0x000000000802bbf4                __exidx_end = .
                0x000000000802bbf4                . = ALIGN (0x4)

.preinit_array  0x000000000802bbf4        0x0
                0x000000000802bbf4                . = ALIGN (0x4)
                0x000000000802bbf4                PROVIDE (__preinit_array_start = .)
 *(.preinit_array*)
                0x000000000802bbf4                PROVIDE (__preinit_array_end = .)
                0x000000000802bbf4                . = ALIGN (0x4)

.init_array     0x000000000802bbf4        0x4
                0x000000000802bbf4                . = ALIGN (0x4)
                0x000000000802bbf4                PROVIDE (__init_array_start = .)
 *(SORT_BY_NAME(.init_array.*))
 *(.init_array*)
 .init_array    0x000000000802bbf4        0x4 c:/st/stm32cubeide_1.9.0/stm32cubeide/plugins/com.st.stm32cube.ide.mcu.externaltools.gnu-tools-for-stm32.10.3-2021.10.win32_1.0.0.202111181127/tools/bin/../lib/gcc/arm-none-eabi/10.3.1/thumb/v7e-m+fp/hard/crtbegin.o
                0x000000000802bbf8                PROVIDE (__init_array_end = .)
                0x000000000802bbf8                . = ALIGN (0x4)

.fini_array     0x000000000802bbf8        0x4
                0x000000000802bbf8                . = ALIGN (0x4)
                [!provide]                        PROVIDE (__fini_array_start = .)
 *(SORT_BY_NAME(.fini_array.*))
 *(.fini_array*)
 .fini_array    0x000000000802bbf8        0x4 c:/st/stm32cubeide_1.9.0/stm32cubeide/plugins/com.st.stm32cube.ide.mcu.externaltools.gnu-tools-for-stm32.10.3-2021.10.win32_1.0.0.202111181127/tools/bin/../lib/gcc/arm-none-eabi/10.3.1/thumb/v7e-m+fp/hard/crtbegin.o
                [!provide]                        PROVIDE (__fini_array_end = .)
                0x000000000802bbfc                . = ALIGN (0x4)
                0x000000000802bbfc                _sidata = LOADADDR (.data)

.data           0x0000000020000000     0x1364 load address 0x000000000802bbfc
                0x0000000020000000                . = ALIGN (0x4)
                0x0000000020000000                _sdata = .
 *(.data)
 *(.data*)
 .data.Led_off_pic
                0x0000000020000000      0x9b0 ./Src/main.o
                0x0000000020000000                Led_off_pic
 .data.Led_on_pic
                0x00000000200009b0      0x9b0 ./Src/main.o
                0x00000000200009b0                Led_on_pic
 .data.PasswordIndex.0
                0x0000000020001360        0x1 ./Src/main.o
 .data.key      0x0000000020001361        0x1 ./Src/main.o
                0x0000000020001361                key
 .data.wanted_Temp
                0x0000000020001362        0x1 ./Src/main.o
                0x0000000020001362                wanted_Temp
 .data.wrongInputRemain.2
                0x0000000020001363        0x1 ./Src/main.o
 *(.RamFunc)
 *(.RamFunc*)
                0x0000000020001364                . = ALIGN (0x4)
                0x0000000020001364                _edata = .

.igot.plt       0x0000000020001364        0x0 load address 0x000000000802cf60
 .igot.plt      0x0000000020001364        0x0 c:/st/stm32cubeide_1.9.0/stm32cubeide/plugins/com.st.stm32cube.ide.mcu.externaltools.gnu-tools-for-stm32.10.3-2021.10.win32_1.0.0.202111181127/tools/bin/../lib/gcc/arm-none-eabi/10.3.1/thumb/v7e-m+fp/hard/crtbegin.o
                0x0000000020001364                . = ALIGN (0x4)

.bss            0x0000000020001364       0xe8 load address 0x000000000802cf60
                0x0000000020001364                _sbss = .
                0x0000000020001364                __bss_start__ = _sbss
 *(.bss)
 .bss           0x0000000020001364       0x1c c:/st/stm32cubeide_1.9.0/stm32cubeide/plugins/com.st.stm32cube.ide.mcu.externaltools.gnu-tools-for-stm32.10.3-2021.10.win32_1.0.0.202111181127/tools/bin/../lib/gcc/arm-none-eabi/10.3.1/thumb/v7e-m+fp/hard/crtbegin.o
 *(.bss*)
 .bss.AC_RequiredTemp
                0x0000000020001380        0x1 ./Src/AC.o
                0x0000000020001380                AC_RequiredTemp
 .bss.ADC_CurrentAppState
                0x0000000020001381        0x1 ./Src/ADC.o
 *fill*         0x0000000020001382        0x2 
 .bss.ADC_RequiredValue
                0x0000000020001384        0x4 ./Src/ADC.o
 .bss.ADC_pAppFunStart
                0x0000000020001388        0x4 ./Src/ADC.o
 .bss.ADC_pAppFunStop
                0x000000002000138c        0x4 ./Src/ADC.o
 .bss.RequiredRegisterValue
                0x0000000020001390        0x1 ./Src/ADC.o
                0x0000000020001390                RequiredRegisterValue
 .bss.read      0x0000000020001391        0x1 ./Src/ADC.o
                0x0000000020001391                read
 *fill*         0x0000000020001392        0x2 
 .bss.counter.0
                0x0000000020001394        0x4 ./Src/Door.o
 .bss.EXTI_ApAppFun
                0x0000000020001398       0x40 ./Src/EXTI.o
 .bss.EXTI_ApAppFunParameter
                0x00000000200013d8       0x40 ./Src/EXTI.o
 .bss.HC05_read
                0x0000000020001418        0x4 ./Src/HC05.o
                0x0000000020001418                HC05_read
 .bss.L_u8ReadFlag
                0x000000002000141c        0x1 ./Src/STK.o
 *fill*         0x000000002000141d        0x3 
 .bss.STK_CLK_Ms_Ticks
                0x0000000020001420        0x4 ./Src/STK.o
 .bss.STK_CallBackMode
                0x0000000020001424        0x1 ./Src/STK.o
 *fill*         0x0000000020001425        0x3 
 .bss.STK_RequiredOffTime
                0x0000000020001428        0x4 ./Src/STK.o
 .bss.STK_RequiredOnTime
                0x000000002000142c        0x4 ./Src/STK.o
 .bss.STK_pAppFun
                0x0000000020001430        0x4 ./Src/STK.o
 .bss.counter   0x0000000020001434        0x4 ./Src/STK.o
 .bss.ledTog.0  0x0000000020001438        0x6 ./Src/TFT_program.o
 *fill*         0x000000002000143e        0x2 
 .bss.UART6_pAppParamter
                0x0000000020001440        0x4 ./Src/UART.o
 .bss.DimmerLedVal.1
                0x0000000020001444        0x1 ./Src/main.o
 .bss.EnteredPassword.3
                0x0000000020001445        0x4 ./Src/main.o
 .bss.Loc_s8StrItrr.4
                0x0000000020001449        0x1 ./Src/main.o
 *(COMMON)
                0x000000002000144c                . = ALIGN (0x4)
 *fill*         0x000000002000144a        0x2 
                0x000000002000144c                _ebss = .
                0x000000002000144c                __bss_end__ = _ebss

._user_heap_stack
                0x000000002000144c      0x604 load address 0x000000000802cf60
                0x0000000020001450                . = ALIGN (0x8)
 *fill*         0x000000002000144c        0x4 
                [!provide]                        PROVIDE (end = .)
                0x0000000020001450                PROVIDE (_end = .)
                0x0000000020001650                . = (. + _Min_Heap_Size)
 *fill*         0x0000000020001450      0x200 
                0x0000000020001a50                . = (. + _Min_Stack_Size)
 *fill*         0x0000000020001650      0x400 
                0x0000000020001a50                . = ALIGN (0x8)

/DISCARD/
 libc.a(*)
 libm.a(*)
 libgcc.a(*)

.ARM.attributes
                0x0000000000000000       0x30
 *(.ARM.attributes)
 .ARM.attributes
                0x0000000000000000       0x1e c:/st/stm32cubeide_1.9.0/stm32cubeide/plugins/com.st.stm32cube.ide.mcu.externaltools.gnu-tools-for-stm32.10.3-2021.10.win32_1.0.0.202111181127/tools/bin/../lib/gcc/arm-none-eabi/10.3.1/thumb/v7e-m+fp/hard/crti.o
 .ARM.attributes
                0x000000000000001e       0x34 c:/st/stm32cubeide_1.9.0/stm32cubeide/plugins/com.st.stm32cube.ide.mcu.externaltools.gnu-tools-for-stm32.10.3-2021.10.win32_1.0.0.202111181127/tools/bin/../lib/gcc/arm-none-eabi/10.3.1/thumb/v7e-m+fp/hard/crtbegin.o
 .ARM.attributes
                0x0000000000000052       0x34 ./Src/AC.o
 .ARM.attributes
                0x0000000000000086       0x34 ./Src/ADC.o
 .ARM.attributes
                0x00000000000000ba       0x34 ./Src/Door.o
 .ARM.attributes
                0x00000000000000ee       0x34 ./Src/EXTI.o
 .ARM.attributes
                0x0000000000000122       0x34 ./Src/GPIO.o
 .ARM.attributes
                0x0000000000000156       0x34 ./Src/HC05.o
 .ARM.attributes
                0x000000000000018a       0x34 ./Src/Keypad.o
 .ARM.attributes
                0x00000000000001be       0x34 ./Src/LCD.o
 .ARM.attributes
                0x00000000000001f2       0x34 ./Src/NVIC.o
 .ARM.attributes
                0x0000000000000226       0x34 ./Src/RCC.o
 .ARM.attributes
                0x000000000000025a       0x34 ./Src/SPI_program.o
 .ARM.attributes
                0x000000000000028e       0x34 ./Src/STK.o
 .ARM.attributes
                0x00000000000002c2       0x34 ./Src/TFT_program.o
 .ARM.attributes
                0x00000000000002f6       0x34 ./Src/UART.o
 .ARM.attributes
                0x000000000000032a       0x34 ./Src/main.o
 .ARM.attributes
                0x000000000000035e       0x21 ./Startup/startup_stm32f401vetx.o
 .ARM.attributes
                0x000000000000037f       0x34 c:/st/stm32cubeide_1.9.0/stm32cubeide/plugins/com.st.stm32cube.ide.mcu.externaltools.gnu-tools-for-stm32.10.3-2021.10.win32_1.0.0.202111181127/tools/bin/../lib/gcc/arm-none-eabi/10.3.1/../../../../arm-none-eabi/lib/thumb/v7e-m+fp/hard\libc_nano.a(lib_a-init.o)
 .ARM.attributes
                0x00000000000003b3       0x1e c:/st/stm32cubeide_1.9.0/stm32cubeide/plugins/com.st.stm32cube.ide.mcu.externaltools.gnu-tools-for-stm32.10.3-2021.10.win32_1.0.0.202111181127/tools/bin/../lib/gcc/arm-none-eabi/10.3.1/thumb/v7e-m+fp/hard/crtn.o
OUTPUT(Smart_Home_G2.elf elf32-littlearm)
LOAD linker stubs
LOAD c:/st/stm32cubeide_1.9.0/stm32cubeide/plugins/com.st.stm32cube.ide.mcu.externaltools.gnu-tools-for-stm32.10.3-2021.10.win32_1.0.0.202111181127/tools/bin/../lib/gcc/arm-none-eabi/10.3.1/../../../../arm-none-eabi/lib/thumb/v7e-m+fp/hard\libc.a
LOAD c:/st/stm32cubeide_1.9.0/stm32cubeide/plugins/com.st.stm32cube.ide.mcu.externaltools.gnu-tools-for-stm32.10.3-2021.10.win32_1.0.0.202111181127/tools/bin/../lib/gcc/arm-none-eabi/10.3.1/../../../../arm-none-eabi/lib/thumb/v7e-m+fp/hard\libm.a
LOAD c:/st/stm32cubeide_1.9.0/stm32cubeide/plugins/com.st.stm32cube.ide.mcu.externaltools.gnu-tools-for-stm32.10.3-2021.10.win32_1.0.0.202111181127/tools/bin/../lib/gcc/arm-none-eabi/10.3.1/thumb/v7e-m+fp/hard\libgcc.a

.comment        0x0000000000000000       0x50
 .comment       0x0000000000000000       0x50 ./Src/AC.o
                                         0x51 (size before relaxing)
 .comment       0x0000000000000050       0x51 ./Src/ADC.o
 .comment       0x0000000000000050       0x51 ./Src/Door.o
 .comment       0x0000000000000050       0x51 ./Src/EXTI.o
 .comment       0x0000000000000050       0x51 ./Src/GPIO.o
 .comment       0x0000000000000050       0x51 ./Src/HC05.o
 .comment       0x0000000000000050       0x51 ./Src/Keypad.o
 .comment       0x0000000000000050       0x51 ./Src/LCD.o
 .comment       0x0000000000000050       0x51 ./Src/NVIC.o
 .comment       0x0000000000000050       0x51 ./Src/RCC.o
 .comment       0x0000000000000050       0x51 ./Src/SPI_program.o
 .comment       0x0000000000000050       0x51 ./Src/STK.o
 .comment       0x0000000000000050       0x51 ./Src/TFT_program.o
 .comment       0x0000000000000050       0x51 ./Src/UART.o
 .comment       0x0000000000000050       0x51 ./Src/main.o

.debug_frame    0x0000000000000000       0x2c
 .debug_frame   0x0000000000000000       0x2c c:/st/stm32cubeide_1.9.0/stm32cubeide/plugins/com.st.stm32cube.ide.mcu.externaltools.gnu-tools-for-stm32.10.3-2021.10.win32_1.0.0.202111181127/tools/bin/../lib/gcc/arm-none-eabi/10.3.1/../../../../arm-none-eabi/lib/thumb/v7e-m+fp/hard\libc_nano.a(lib_a-init.o)
