../Src/TFT_program.c:100:6:voidWriteData	16	static
../Src/TFT_program.c:91:6:voidWriteCommand	16	static
../Src/TFT_program.c:109:6:TFT_vSetCursorPosition	24	static
../Src/TFT_program.c:148:6:TFT_vDrawRectangular	24	static
../Src/TFT_program.c:442:6:TFT_vDrawPixel	8	static
../Src/TFT_program.c:452:6:TFT_vDrawHLine	24	static
../Src/TFT_program.c:515:6:TFT_vDrawStar.constprop	24	static
../Src/TFT_program.c:55:6:TFT_voidInit	8	static
../Src/TFT_program.c:130:6:TFT_vDrawPic	16	static
../Src/TFT_program.c:406:6:HTFT_vDrawKeyPad	16	static
../Src/TFT_program.c:167:6:TFT_vClearScreen	16	static
../Src/TFT_program.c:184:6:TFT_vLedOn	16	static
../Src/TFT_program.c:199:6:TFT_vLedOff	16	static
../Src/TFT_program.c:214:6:TFT_vToggle	16	static
../Src/TFT_program.c:254:6:TFT_vDoorOpened	16	static
../Src/TFT_program.c:259:6:TFT_vDoorClosed	16	static
../Src/TFT_program.c:264:6:TFT_vDrawAirConditioner	16	static
../Src/TFT_program.c:270:6:TFT_vAcOn	16	static
../Src/TFT_program.c:276:6:TFT_vAcOff	16	static
../Src/TFT_program.c:282:6:TFT_vDrawAcButton	8	static
../Src/TFT_program.c:340:6:TFT_vControlDimmerLed	16	static
../Src/TFT_program.c:383:6:TFT_vUserPanel	24	static
../Src/TFT_program.c:397:6:TFT_vDrawPassword	0	static
../Src/TFT_program.c:401:6:HTFT_vDeletePassword	0	static
../Src/TFT_program.c:412:6:TFT_vPasswordPanel	16	static
../Src/TFT_program.c:426:6:TFT_vChangePasswordPanel	16	static
../Src/TFT_program.c:435:6:TFT_vPolicePanel	16	static
../Src/TFT_program.c:469:6:TFT_vDrawPicturesPixels	40	static
../Src/TFT_program.c:289:6:TFT_vNumberAtPosition	16	static
../Src/TFT_program.c:305:6:TFT_vDrawTempValue	16	static
../Src/TFT_program.c:420:6:TFT_vTrialLeft	16	static
../Src/TFT_program.c:506:6:TFT_vDrawRectangle	32	static
